Archive member included to satisfy reference by file (symbol)

c:/program files (x86)/atmel/studio/7.0/toolchain/avr8/avr8-gnu-toolchain/bin/../lib/gcc/avr/4.9.2/../../../../avr/lib/avrxmega7\libm.a(addsf3.o)
                              Graphics.o (__subsf3)
c:/program files (x86)/atmel/studio/7.0/toolchain/avr8/avr8-gnu-toolchain/bin/../lib/gcc/avr/4.9.2/../../../../avr/lib/avrxmega7\libm.a(addsf3x.o)
                              c:/program files (x86)/atmel/studio/7.0/toolchain/avr8/avr8-gnu-toolchain/bin/../lib/gcc/avr/4.9.2/../../../../avr/lib/avrxmega7\libm.a(addsf3.o) (__addsf3x)
c:/program files (x86)/atmel/studio/7.0/toolchain/avr8/avr8-gnu-toolchain/bin/../lib/gcc/avr/4.9.2/../../../../avr/lib/avrxmega7\libm.a(cmpsf2.o)
                              Graphics.o (__ltsf2)
c:/program files (x86)/atmel/studio/7.0/toolchain/avr8/avr8-gnu-toolchain/bin/../lib/gcc/avr/4.9.2/../../../../avr/lib/avrxmega7\libm.a(divsf3.o)
                              Graphics.o (__divsf3)
c:/program files (x86)/atmel/studio/7.0/toolchain/avr8/avr8-gnu-toolchain/bin/../lib/gcc/avr/4.9.2/../../../../avr/lib/avrxmega7\libm.a(divsf3x.o)
                              c:/program files (x86)/atmel/studio/7.0/toolchain/avr8/avr8-gnu-toolchain/bin/../lib/gcc/avr/4.9.2/../../../../avr/lib/avrxmega7\libm.a(divsf3.o) (__divsf3x)
c:/program files (x86)/atmel/studio/7.0/toolchain/avr8/avr8-gnu-toolchain/bin/../lib/gcc/avr/4.9.2/../../../../avr/lib/avrxmega7\libm.a(fixsfsi.o)
                              ReflowScreen.o (__fixsfsi)
c:/program files (x86)/atmel/studio/7.0/toolchain/avr8/avr8-gnu-toolchain/bin/../lib/gcc/avr/4.9.2/../../../../avr/lib/avrxmega7\libm.a(fixunssfsi.o)
                              CommandDecoder.o (__fixunssfsi)
c:/program files (x86)/atmel/studio/7.0/toolchain/avr8/avr8-gnu-toolchain/bin/../lib/gcc/avr/4.9.2/../../../../avr/lib/avrxmega7\libm.a(floatsisf.o)
                              CommandDecoder.o (__floatunsisf)
c:/program files (x86)/atmel/studio/7.0/toolchain/avr8/avr8-gnu-toolchain/bin/../lib/gcc/avr/4.9.2/../../../../avr/lib/avrxmega7\libm.a(fp_cmp.o)
                              c:/program files (x86)/atmel/studio/7.0/toolchain/avr8/avr8-gnu-toolchain/bin/../lib/gcc/avr/4.9.2/../../../../avr/lib/avrxmega7\libm.a(cmpsf2.o) (__fp_cmp)
c:/program files (x86)/atmel/studio/7.0/toolchain/avr8/avr8-gnu-toolchain/bin/../lib/gcc/avr/4.9.2/../../../../avr/lib/avrxmega7\libm.a(fp_inf.o)
                              c:/program files (x86)/atmel/studio/7.0/toolchain/avr8/avr8-gnu-toolchain/bin/../lib/gcc/avr/4.9.2/../../../../avr/lib/avrxmega7\libm.a(addsf3x.o) (__fp_inf)
c:/program files (x86)/atmel/studio/7.0/toolchain/avr8/avr8-gnu-toolchain/bin/../lib/gcc/avr/4.9.2/../../../../avr/lib/avrxmega7\libm.a(fp_nan.o)
                              c:/program files (x86)/atmel/studio/7.0/toolchain/avr8/avr8-gnu-toolchain/bin/../lib/gcc/avr/4.9.2/../../../../avr/lib/avrxmega7\libm.a(addsf3x.o) (__fp_nan)
c:/program files (x86)/atmel/studio/7.0/toolchain/avr8/avr8-gnu-toolchain/bin/../lib/gcc/avr/4.9.2/../../../../avr/lib/avrxmega7\libm.a(fp_pscA.o)
                              c:/program files (x86)/atmel/studio/7.0/toolchain/avr8/avr8-gnu-toolchain/bin/../lib/gcc/avr/4.9.2/../../../../avr/lib/avrxmega7\libm.a(addsf3x.o) (__fp_pscA)
c:/program files (x86)/atmel/studio/7.0/toolchain/avr8/avr8-gnu-toolchain/bin/../lib/gcc/avr/4.9.2/../../../../avr/lib/avrxmega7\libm.a(fp_pscB.o)
                              c:/program files (x86)/atmel/studio/7.0/toolchain/avr8/avr8-gnu-toolchain/bin/../lib/gcc/avr/4.9.2/../../../../avr/lib/avrxmega7\libm.a(addsf3x.o) (__fp_pscB)
c:/program files (x86)/atmel/studio/7.0/toolchain/avr8/avr8-gnu-toolchain/bin/../lib/gcc/avr/4.9.2/../../../../avr/lib/avrxmega7\libm.a(fp_round.o)
                              c:/program files (x86)/atmel/studio/7.0/toolchain/avr8/avr8-gnu-toolchain/bin/../lib/gcc/avr/4.9.2/../../../../avr/lib/avrxmega7\libm.a(addsf3.o) (__fp_round)
c:/program files (x86)/atmel/studio/7.0/toolchain/avr8/avr8-gnu-toolchain/bin/../lib/gcc/avr/4.9.2/../../../../avr/lib/avrxmega7\libm.a(fp_split3.o)
                              c:/program files (x86)/atmel/studio/7.0/toolchain/avr8/avr8-gnu-toolchain/bin/../lib/gcc/avr/4.9.2/../../../../avr/lib/avrxmega7\libm.a(addsf3x.o) (__fp_split3)
c:/program files (x86)/atmel/studio/7.0/toolchain/avr8/avr8-gnu-toolchain/bin/../lib/gcc/avr/4.9.2/../../../../avr/lib/avrxmega7\libm.a(fp_zero.o)
                              c:/program files (x86)/atmel/studio/7.0/toolchain/avr8/avr8-gnu-toolchain/bin/../lib/gcc/avr/4.9.2/../../../../avr/lib/avrxmega7\libm.a(addsf3x.o) (__fp_zero)
c:/program files (x86)/atmel/studio/7.0/toolchain/avr8/avr8-gnu-toolchain/bin/../lib/gcc/avr/4.9.2/../../../../avr/lib/avrxmega7\libm.a(mulsf3.o)
                              CommandDecoder.o (__mulsf3)
c:/program files (x86)/atmel/studio/7.0/toolchain/avr8/avr8-gnu-toolchain/bin/../lib/gcc/avr/4.9.2/../../../../avr/lib/avrxmega7\libm.a(mulsf3x.o)
[...]
Memory Configuration

Name             Origin             Length             Attributes
text             0x00000000         0x00100000         xr
data             0x00802000         0x0000ffa0         rw !x
eeprom           0x00810000         0x00010000         rw !x
fuse             0x00820000         0x00000006         rw !x
lock             0x00830000         0x00000400         rw !x
signature        0x00840000         0x00000400         rw !x
user_signatures  0x00850000         0x00000400         rw !x
*default*        0x00000000         0xffffffff

Linker script and memory map

LOAD C:/Program Files (x86)/Atmel/Studio/7.0/Packs/atmel/XMEGAA_DFP/1.1.63/gcc/dev/atxmega128a4u/avrxmega7/crtatxmega128a4u.o
LOAD CommandDecoder.o
LOAD Graphics.o
LOAD LDC.o
LOAD main.o
LOAD Menu.o
LOAD Oven.o
LOAD Profiles.o
LOAD ReflowScreen.o
LOAD sp_driver.o
LOAD sp_drivers.o
LOAD src/ASF/common/services/usb/class/cdc/device/udi_cdc.o
LOAD src/ASF/common/services/usb/udc/udc.o
LOAD src/ASF/xmega/drivers/usb/usb_device.o
LOAD TempSensor.o
LOAD src/ASF/common/services/usb/class/cdc/device/udi_cdc_desc.o
LOAD src/ASF/common/services/sleepmgr/xmega/sleepmgr.o
LOAD src/ASF/common/services/clock/xmega/sysclk.o
LOAD src/ASF/xmega/drivers/nvm/nvm.o
LOAD src/ASF/xmega/drivers/nvm/nvm_asm.o
LOAD src/ASF/xmega/drivers/cpu/ccp.o
LOAD src/ASF/common/boards/user_board/init.o
START GROUP
LOAD c:/program files (x86)/atmel/studio/7.0/toolchain/avr8/avr8-gnu-toolchain/bin/../lib/gcc/avr/4.9.2/../../../../avr/lib/avrxmega7\libm.a
END GROUP
Address of section .BOOT set to 0x20000
START GROUP
LOAD c:/program files (x86)/atmel/studio/7.0/toolchain/avr8/avr8-gnu-toolchain/bin/../lib/gcc/avr/4.9.2/avrxmega7\libgcc.a
LOAD c:/program files (x86)/atmel/studio/7.0/toolchain/avr8/avr8-gnu-toolchain/bin/../lib/gcc/avr/4.9.2/../../../../avr/lib/avrxmega7\libm.a
LOAD c:/program files (x86)/atmel/studio/7.0/toolchain/avr8/avr8-gnu-toolchain/bin/../lib/gcc/avr/4.9.2/../../../../avr/lib/avrxmega7\libc.a
LOAD C:/Program Files (x86)/Atmel/Studio/7.0/Packs/atmel/XMEGAA_DFP/1.1.63/gcc/dev/atxmega128a4u/avrxmega7\libatxmega128a4u.a
END GROUP
                0x00100000                __TEXT_REGION_LENGTH__ = DEFINED (__TEXT_REGION_LENGTH__)?__TEXT_REGION_LENGTH__:0x100000
                0x0000ffa0                __DATA_REGION_LENGTH__ = DEFINED (__DATA_REGION_LENGTH__)?__DATA_REGION_LENGTH__:0xffa0
                0x00010000                __EEPROM_REGION_LENGTH__ = DEFINED (__EEPROM_REGION_LENGTH__)?__EEPROM_REGION_LENGTH__:0x10000
                [0x00000006]                __FUSE_REGION_LENGTH__ = DEFINED (__FUSE_REGION_LENGTH__)?__FUSE_REGION_LENGTH__:0x400
                0x00000400                __LOCK_REGION_LENGTH__ = DEFINED (__LOCK_REGION_LENGTH__)?__LOCK_REGION_LENGTH__:0x400
                0x00000400                __SIGNATURE_REGION_LENGTH__ = DEFINED (__SIGNATURE_REGION_LENGTH__)?__SIGNATURE_REGION_LENGTH__:0x400
                0x00000400                __USER_SIGNATURE_REGION_LENGTH__ = DEFINED (__USER_SIGNATURE_REGION_LENGTH__)?__USER_SIGNATURE_REGION_LENGTH__:0x400

.hash
 *(.hash)

.dynsym
 *(.dynsym)

.dynstr
 *(.dynstr)

.gnu.version
 *(.gnu.version)

.gnu.version_d
 *(.gnu.version_d)

.gnu.version_r
 *(.gnu.version_r)

.rel.init
 *(.rel.init)

.rela.init
 *(.rela.init)

.rel.text
 *(.rel.text)
 *(.rel.text.*)
 *(.rel.gnu.linkonce.t*)

.rela.text
 *(.rela.text)
 *(.rela.text.*)
 *(.rela.gnu.linkonce.t*)

.rel.fini
 *(.rel.fini)

.rela.fini
 *(.rela.fini)

.rel.rodata
 *(.rel.rodata)
 *(.rel.rodata.*)
 *(.rel.gnu.linkonce.r*)

.rela.rodata
 *(.rela.rodata)
 *(.rela.rodata.*)
 *(.rela.gnu.linkonce.r*)

.rel.data
 *(.rel.data)
 *(.rel.data.*)
 *(.rel.gnu.linkonce.d*)

.rela.data
 *(.rela.data)
 *(.rela.data.*)
 *(.rela.gnu.linkonce.d*)

.rel.ctors
 *(.rel.ctors)

.rela.ctors
 *(.rela.ctors)

.rel.dtors
 *(.rel.dtors)

.rela.dtors
 *(.rela.dtors)

.rel.got
 *(.rel.got)

.rela.got
 *(.rela.got)

.rel.bss
 *(.rel.bss)

.rela.bss
 *(.rela.bss)

.rel.plt
 *(.rel.plt)

.rela.plt
 *(.rela.plt)

.text           0x00000000     0x70be
 *(.vectors)
 .vectors       0x00000000      0x1fc C:/Program Files (x86)/Atmel/Studio/7.0/Packs/atmel/XMEGAA_DFP/1.1.63/gcc/dev/atxmega128a4u/avrxmega7/crtatxmega128a4u.o
                0x00000000                __vector_default
                0x00000000                __vectors
 *(.vectors)
 *(.progmem.gcc*)
 .progmem.gcc_sw_table.udd_ep_get_size
                0x000001fc        0xe src/ASF/xmega/drivers/usb/usb_device.o
                0x0000020a                . = ALIGN (0x2)
                0x0000020a                __trampolines_start = .
 *(.trampolines)
 .trampolines   0x0000020a        0x0 linker stubs
 *(.trampolines*)
                0x0000020a                __trampolines_end = .
 *libprintf_flt.a:*(.progmem.data)
 *libc.a:*(.progmem.data)
 *(.progmem*)
 .progmem.data.__c.5812
                0x0000020a        0x3 CommandDecoder.o
 .progmem.data.__c.5810
                0x0000020d       0x1d CommandDecoder.o
 .progmem.data.__c.5808
                0x0000022a       0x1b CommandDecoder.o
 .progmem.data.__c.5806
                0x00000245       0x1e CommandDecoder.o
 .progmem.data.__c.5804
                0x00000263       0x1c CommandDecoder.o
 .progmem.data.__c.5802
                0x0000027f       0x1c CommandDecoder.o
 .progmem.data.__c.5800
                0x0000029b       0x1a CommandDecoder.o
 .progmem.data.__c.5798
                0x000002b5       0x1d CommandDecoder.o
 .progmem.data.__c.5796
                0x000002d2       0x1b CommandDecoder.o
 .progmem.data.__c.5794
                0x000002ed       0x17 CommandDecoder.o
 .progmem.data.__c.5792
                0x00000304       0x15 CommandDecoder.o
 .progmem.data.__c.5790
                0x00000319       0x28 CommandDecoder.o
 .progmem.data.__c.5788
                0x00000341       0x26 CommandDecoder.o
 .progmem.data.__c.5786
                0x00000367       0x22 CommandDecoder.o
 .progmem.data.__c.5784
                0x00000389       0x20 CommandDecoder.o
 .progmem.data.__c.5782
                0x000003a9       0x17 CommandDecoder.o
 .progmem.data.__c.5780
                0x000003c0        0x3 CommandDecoder.o
 .progmem.data.__c.5778
                0x000003c3       0x35 CommandDecoder.o
 .progmem.data.__c.5776
                0x000003f8       0x19 CommandDecoder.o
 .progmem.data.__c.5774
                0x00000411       0x1b CommandDecoder.o
 .progmem.data.__c.5772
                0x0000042c       0x19 CommandDecoder.o
 .progmem.data.__c.5770
                0x00000445        0x3 CommandDecoder.o
 .progmem.data.__c.5768
                0x00000448       0x3d CommandDecoder.o
 .progmem.data.__c.5766
                0x00000485       0x4e CommandDecoder.o
 .progmem.data.__c.5764
                0x000004d3       0x2e CommandDecoder.o
 .progmem.data.__c.5762
                0x00000501       0x86 CommandDecoder.o
 .progmem.data.__c.5760
                0x00000587       0x2b CommandDecoder.o
 .progmem.data.__c.5758
                0x000005b2       0x5f CommandDecoder.o
 .progmem.data.__c.5756
                0x00000611       0x38 CommandDecoder.o
 .progmem.data.__c.5754
                0x00000649       0x25 CommandDecoder.o
 .progmem.data.__c.5752
                0x0000066e       0x21 CommandDecoder.o
 .progmem.data.__c.5750
                0x0000068f       0x17 CommandDecoder.o
 .progmem.data.__c.5748
                0x000006a6        0x3 CommandDecoder.o
 .progmem.data.__c.5746
                0x000006a9       0x23 CommandDecoder.o
 .progmem.data.__c.5744
                0x000006cc       0x57 CommandDecoder.o
 .progmem.data.__c.5742
                0x00000723       0x6e CommandDecoder.o
 .progmem.data.__c.5740
                0x00000791       0x55 CommandDecoder.o
 .progmem.data.__c.5738
                0x000007e6       0xa9 CommandDecoder.o
 .progmem.data.__c.5736
                0x0000088f       0x3c CommandDecoder.o
 .progmem.data.__c.5734
                0x000008cb       0x36 CommandDecoder.o
 .progmem.data.__c.5732
                0x00000901       0x3b CommandDecoder.o
 .progmem.data.__c.5730
                0x0000093c       0x79 CommandDecoder.o
 .progmem.data.__c.5728
                0x000009b5       0x2b CommandDecoder.o
 .progmem.data.__c.5726
                0x000009e0       0x2e CommandDecoder.o
 .progmem.data.__c.5724
                0x00000a0e       0x2b CommandDecoder.o
 .progmem.data.__c.5722
                0x00000a39       0x28 CommandDecoder.o
 .progmem.data.__c.5720
                0x00000a61       0x33 CommandDecoder.o
 .progmem.data.__c.5718
                0x00000a94       0x25 CommandDecoder.o
 .progmem.data.__c.5716
                0x00000ab9       0x21 CommandDecoder.o
 .progmem.data.__c.5714
                0x00000ada       0x21 CommandDecoder.o
 .progmem.data.__c.5712
                0x00000afb       0x17 CommandDecoder.o
 .progmem.data.__c.5710
                0x00000b12        0x3 CommandDecoder.o
 .progmem.data.__c.5708
                0x00000b15       0x33 CommandDecoder.o
                0x00000b48                . = ALIGN (0x2)
 *(.jumptables)
 *(.jumptables*)
 *(.lowtext)
 *(.lowtext*)
                0x00000b48                __ctors_start = .
 *(.ctors)
                0x00000b48                __ctors_end = .
                0x00000b48                __dtors_start = .
 *(.dtors)
                0x00000b48                __dtors_end = .
 SORT(*)(.ctors)
 SORT(*)(.dtors)
 *(.init0)
 .init0         0x00000b48        0x0 C:/Program Files (x86)/Atmel/Studio/7.0/Packs/atmel/XMEGAA_DFP/1.1.63/gcc/dev/atxmega128a4u/avrxmega7/crtatxmega128a4u.o
                0x00000b48                __init
 *(.init0)
 *(.init1)
 *(.init1)
 *(.init2)
 .init2         0x00000b48       0x18 C:/Program Files (x86)/Atmel/Studio/7.0/Packs/atmel/XMEGAA_DFP/1.1.63/gcc/dev/atxmega128a4u/avrxmega7/crtatxmega128a4u.o
 *(.init2)
 *(.init3)
 *(.init3)
 *(.init4)
 .init4         0x00000b60       0x1c c:/program files (x86)/atmel/studio/7.0/toolchain/avr8/avr8-gnu-toolchain/bin/../lib/gcc/avr/4.9.2/avrxmega7\libgcc.a(_copy_data.o)
                0x00000b60                __do_copy_data
 .init4         0x00000b7c       0x10 c:/program files (x86)/atmel/studio/7.0/toolchain/avr8/avr8-gnu-toolchain/bin/../lib/gcc/avr/4.9.2/avrxmega7\libgcc.a(_clear_bss.o)
                0x00000b7c                __do_clear_bss
 *(.init4)
 *(.init5)
 *(.init5)
 *(.init6)
 *(.init6)
 *(.init7)
 *(.init7)
 *(.init8)
 *(.init8)
 *(.init9)
 .init9         0x00000b8c        0x8 C:/Program Files (x86)/Atmel/Studio/7.0/Packs/atmel/XMEGAA_DFP/1.1.63/gcc/dev/atxmega128a4u/avrxmega7/crtatxmega128a4u.o
 *(.init9)
 *(.text)
 .text          0x00000b94        0x2 C:/Program Files (x86)/Atmel/Studio/7.0/Packs/atmel/XMEGAA_DFP/1.1.63/gcc/dev/atxmega128a4u/avrxmega7/crtatxmega128a4u.o
                0x00000b94                __vector_38
                0x00000b94                __vector_104
                0x00000b94                __vector_22
                0x00000b94                __vector_63
                0x00000b94                __vector_28
                0x00000b94                __vector_67
                0x00000b94                __vector_1
                0x00000b94                __vector_119
                0x00000b94                __vector_32
                0x00000b94                __vector_75
                0x00000b94                __vector_71
                0x00000b94                __vector_91
                0x00000b94                __vector_34
                0x00000b94                __vector_62
                0x00000b94                __vector_77
                0x00000b94                __vector_102
                0x00000b94                __vector_24
                0x00000b94                __vector_12
                0x00000b94                __vector_55
                0x00000b94                __vector_69
                0x00000b94                __vector_81
                0x00000b94                __vector_90
                0x00000b94                __vector_46
                0x00000b94                __bad_interrupt
                0x00000b94                __vector_122
                0x00000b94                __vector_72
                0x00000b94                __vector_114
                0x00000b94                __vector_6
                0x00000b94                __vector_110
                0x00000b94                __vector_31
                0x00000b94                __vector_92
                0x00000b94                __vector_35
                0x00000b94                __vector_78
                0x00000b94                __vector_74
                0x00000b94                __vector_117
                0x00000b94                __vector_39
                0x00000b94                __vector_107
                0x00000b94                __vector_3
                0x00000b94                __vector_105
                0x00000b94                __vector_98
                0x00000b94                __vector_23
                0x00000b94                __vector_68
                0x00000b94                __vector_30
                0x00000b94                __vector_73
                0x00000b94                __vector_45
                0x00000b94                __vector_25
                0x00000b94                __vector_93
                0x00000b94                __vector_61
                0x00000b94                __vector_11
                0x00000b94                __vector_54
                0x00000b94                __vector_99
                0x00000b94                __vector_13
                0x00000b94                __vector_17
                0x00000b94                __vector_19
                0x00000b94                __vector_56
                0x00000b94                __vector_7
                0x00000b94                __vector_49
                0x00000b94                __vector_123
                0x00000b94                __vector_41
                0x00000b94                __vector_86
                0x00000b94                __vector_100
                0x00000b94                __vector_101
                0x00000b94                __vector_64
                0x00000b94                __vector_88
                0x00000b94                __vector_109
                0x00000b94                __vector_43
                0x00000b94                __vector_27
                0x00000b94                __vector_5
                0x00000b94                __vector_113
                0x00000b94                __vector_33
                0x00000b94                __vector_76
                0x00000b94                __vector_115
                0x00000b94                __vector_47
                0x00000b94                __vector_52
                0x00000b94                __vector_37
                0x00000b94                __vector_95
                0x00000b94                __vector_103
                0x00000b94                __vector_96
                0x00000b94                __vector_89
                0x00000b94                __vector_108
                0x00000b94                __vector_4
                0x00000b94                __vector_44
                0x00000b94                __vector_82
                0x00000b94                __vector_106
                0x00000b94                __vector_118
                0x00000b94                __vector_51
                0x00000b94                __vector_9
                0x00000b94                __vector_2
                0x00000b94                __vector_21
                0x00000b94                __vector_15
                0x00000b94                __vector_66
                0x00000b94                __vector_36
                0x00000b94                __vector_79
                0x00000b94                __vector_58
                0x00000b94                __vector_70
                0x00000b94                __vector_83
                0x00000b94                __vector_29
                0x00000b94                __vector_60
                0x00000b94                __vector_121
                0x00000b94                __vector_40
                0x00000b94                __vector_85
                0x00000b94                __vector_94
                0x00000b94                __vector_8
                0x00000b94                __vector_26
                0x00000b94                __vector_48
                0x00000b94                __vector_124
                0x00000b94                __vector_116
                0x00000b94                __vector_112
                0x00000b94                __vector_111
                0x00000b94                __vector_80
                0x00000b94                __vector_84
                0x00000b94                __vector_57
                0x00000b94                __vector_53
                0x00000b94                __vector_10
                0x00000b94                __vector_50
                0x00000b94                __vector_16
                0x00000b94                __vector_59
                0x00000b94                __vector_18
                0x00000b94                __vector_97
                0x00000b94                __vector_20
                0x00000b94                __vector_42
                0x00000b94                __vector_87
                0x00000b94                __vector_65
                0x00000b94                __vector_120
 .text          0x00000b96      0x120 sp_drivers.o
                0x00000b96                SP_ReadByte
                0x00000ba2                SP_ReadWord
                0x00000bb0                SP_ReadCalibrationByte
                0x00000bb4                SP_ReadUserSignatureByte
                0x00000bb8                SP_ReadFuseByte
                0x00000bce                SP_WriteLockBits
                0x00000bd6                SP_ReadLockBits
                0x00000bdc                SP_EraseUserSignatureRow
                0x00000be4                SP_WriteUserSignatureRow
                0x00000bec                SP_EraseApplicationSection
                0x00000bf4                SP_EraseApplicationPage
                0x00000c00                SP_ReadFlashPage
                0x00000c22                SP_WriteApplicationPage
                0x00000c2e                SP_EraseWriteApplicationPage
                0x00000c3a                SP_EraseFlashBuffer
                0x00000c42                SP_EraseBootPage
                0x00000c4e                SP_WriteBootPage
                0x00000c5a                SP_EraseWriteBootPage
                0x00000c66                SP_ApplicationCRC
                0x00000c6a                SP_BootCRC
                0x00000c6e                SP_LockSPM
                0x00000c7c                SP_WaitForSPM
                0x00000cb6                . = ALIGN (0x2)
 *(.text.*)
 .text.GetProfileInputHanlder
                0x00000cb6      0x15c CommandDecoder.o
                0x00000cb6                GetProfileInputHanlder
 .text.SetBackLightOnTimeInputHandler
                0x00000e12       0x54 CommandDecoder.o
                0x00000e12                SetBackLightOnTimeInputHandler
 .text.SetBuzzerOnTimeInputHandler
                0x00000e66       0x52 CommandDecoder.o
                0x00000e66                SetBuzzerOnTimeInputHandler
 .text.DeleteProfileInputHanlder
                0x00000eb8       0xa4 CommandDecoder.o
                0x00000eb8                DeleteProfileInputHanlder
 .text.CreateProfileInputHandler
                0x00000f5c      0x17e CommandDecoder.o
                0x00000f5c                CreateProfileInputHandler
 .text.GetOvenState
                0x000010da       0x36 CommandDecoder.o
                0x000010da                GetOvenState
 .text.GetOvenMode
                0x00001110       0x1e CommandDecoder.o
                0x00001110                GetOvenMode
 .text.StopTestMode
                0x0000112e       0x28 CommandDecoder.o
                0x0000112e                StopTestMode
 .text.SwitchToMenuMode
                0x00001156       0x16 CommandDecoder.o
                0x00001156                SwitchToMenuMode
 .text.SwitchToTestMode
                0x0000116c       0x20 CommandDecoder.o
                0x0000116c                SwitchToTestMode
 .text.SwitchToReflowMode
                0x0000118c        0xe CommandDecoder.o
                0x0000118c                SwitchToReflowMode
 .text.CheckMode
                0x0000119a       0x7c CommandDecoder.o
                0x0000119a                CheckMode
 .text.ProcessExecuteCommand
                0x00001216      0x362 CommandDecoder.o
                0x00001216                ProcessExecuteCommand
 .text.ProcessQueryCommand
                0x00001578      0x74c CommandDecoder.o
                0x00001578                ProcessQueryCommand
 .text.ProcessSetCommand
                0x00001cc4       0xfc CommandDecoder.o
                0x00001cc4                ProcessSetCommand
 .text.ToUpper  0x00001dc0        0xc CommandDecoder.o
                0x00001dc0                ToUpper
 .text.ProcessInput
                0x00001dcc       0xec CommandDecoder.o
                0x00001dcc                ProcessInput
 .text.BufferString
                0x00001eb8      0x316 Graphics.o
                0x00001eb8                BufferString
 .text.BufferPixel
                0x000021ce       0x64 Graphics.o
                0x000021ce                BufferPixel
 .text.BufferLine
                0x00002232      0x344 Graphics.o
                0x00002232                BufferLine
 .text.BufferBitmap
                0x00002576       0x32 Graphics.o
                0x00002576                BufferBitmap
 .text.FlushScreenBuffer
                0x000025a8       0x4e Graphics.o
                0x000025a8                FlushScreenBuffer
 .text.DrawString
                0x000025f6       0x14 Graphics.o
                0x000025f6                DrawString
 .text.DrawPixel
                0x0000260a        0xc Graphics.o
                0x0000260a                DrawPixel
 .text.DrawBitmap
                0x00002616        0xc Graphics.o
                0x00002616                DrawBitmap
 .text.WriteCommand
                0x00002622       0x16 LDC.o
                0x00002622                WriteCommand
 .text.DrawScreen
                0x00002638       0x18 LDC.o
                0x00002638                DrawScreen
 .text.InitializeSPI
                0x00002650       0x28 LDC.o
                0x00002650                InitializeSPI
 .text.InitializeControl
                0x00002678       0x16 LDC.o
                0x00002678                InitializeControl
 .text.InitializeDMA
                0x0000268e       0x3a LDC.o
                0x0000268e                InitializeDMA
 .text.ResetLCD
                0x000026c8       0x1c LDC.o
                0x000026c8                ResetLCD
 .text.InitializeScreen
                0x000026e4       0x2c LDC.o
                0x000026e4                InitializeScreen
 .text.InitializeLCD
                0x00002710        0xa LDC.o
                0x00002710                InitializeLCD
 .text.uart_putchar
                0x0000271a        0x8 main.o
                0x0000271a                uart_putchar
 .text.my_callback_cdc_enable
                0x00002722        0x8 main.o
                0x00002722                my_callback_cdc_enable
 .text.my_callback_cdc_disable
                0x0000272a        0x6 main.o
                0x0000272a                my_callback_cdc_disable
 .text.my_callback_rx_notify
                0x00002730        0xa main.o
                0x00002730                my_callback_rx_notify
 .text.my_callback_tx_empty_notify
                0x0000273a        0x2 main.o
                0x0000273a                my_callback_tx_empty_notify
 .text.__vector_14
                0x0000273c      0x20e main.o
                0x0000273c                __vector_14
 .text.init_timer
                0x0000294a       0x2a main.o
                0x0000294a                init_timer
 .text.initIO   0x00002974       0x66 main.o
                0x00002974                initIO
 .text.TESTLOADFLASH
                0x000029da      0x11a main.o
                0x000029da                TESTLOADFLASH
 .text.main     0x00002af4      0x224 main.o
                0x00002af4                main
 .text.DrawUpArrow
                0x00002d18       0xca Menu.o
                0x00002d18                DrawUpArrow
 .text.DrawDownArrow
                0x00002de2       0xca Menu.o
                0x00002de2                DrawDownArrow
 .text.DrawProfileMenu
                0x00002eac       0x74 Menu.o
                0x00002eac                DrawProfileMenu
 .text.DrawRunningMenu
                0x00002f20       0xb0 Menu.o
                0x00002f20                DrawRunningMenu
 .text.DrawMenu
                0x00002fd0       0x14 Menu.o
                0x00002fd0                DrawMenu
 .text.MenuUp   0x00002fe4       0x46 Menu.o
                0x00002fe4                MenuUp
 .text.MenuDown
                0x0000302a       0x48 Menu.o
                0x0000302a                MenuDown
 .text.LoadProfileNames
                0x00003072      0x112 Menu.o
                0x00003072                LoadProfileNames
 .text.LoadSettings
                0x00003184       0x4a Oven.o
                0x00003184                LoadSettings
 .text.SaveSettings
                0x000031ce       0x40 Oven.o
                0x000031ce                SaveSettings
 .text.SetControlOutputs
                0x0000320e       0x9c Oven.o
                0x0000320e                SetControlOutputs
 .text.StopOven
                0x000032aa        0x8 Oven.o
                0x000032aa                StopOven
 .text.StartOven
                0x000032b2       0x24 Oven.o
                0x000032b2                StartOven
 .text.GetTargetTemp
                0x000032d6      0x116 Oven.o
                0x000032d6                GetTargetTemp
 .text.GetProfileTempRange
                0x000033ec       0x4c Oven.o
                0x000033ec                GetProfileTempRange
 .text.GetProfileTotalTime
                0x00003438       0x34 Oven.o
                0x00003438                GetProfileTotalTime
 .text.CalculateProfileMetrix
                0x0000346c      0x1be Oven.o
                0x0000346c                CalculateProfileMetrix
 .text.SetProfile
                0x0000362a       0x46 Oven.o
                0x0000362a                SetProfile
 .text.InitOven
                0x00003670       0x14 Oven.o
                0x00003670                InitOven
 .text.UpCommand
                0x00003684        0xc Oven.o
                0x00003684                UpCommand
 .text.DownCommand
                0x00003690        0xc Oven.o
                0x00003690                DownCommand
 .text.SetCommand
                0x0000369c       0x5c Oven.o
                0x0000369c                SetCommand
 .text.StartCommand
                0x000036f8       0x18 Oven.o
                0x000036f8                StartCommand
 .text.BackLightToggleCommand
                0x00003710       0x2a Oven.o
                0x00003710                BackLightToggleCommand
 .text.BackLightTimerCheck
                0x0000373a       0x48 Oven.o
                0x0000373a                BackLightTimerCheck
 .text.SoundBuzzer
                0x00003782       0x1a Oven.o
                0x00003782                SoundBuzzer
 .text.SilenceBuzzer
                0x0000379c        0xc Oven.o
                0x0000379c                SilenceBuzzer
 .text.ReflowFinished
                0x000037a8       0x14 Oven.o
                0x000037a8                ReflowFinished
 .text.MeasureAndUpdate
                0x000037bc      0x196 Oven.o
                0x000037bc                MeasureAndUpdate
 .text.GetSplashScreen
                0x00003952       0x40 Oven.o
                0x00003952                GetSplashScreen
 .text.DrawTestScreen
                0x00003992      0x24c Oven.o
                0x00003992                DrawTestScreen
 .text.LoadProfile
                0x00003bde       0x9e Profiles.o
                0x00003bde                LoadProfile
 .text.GetProfileNames
                0x00003c7c       0x78 Profiles.o
                0x00003c7c                GetProfileNames
 .text.SaveProfile
                0x00003cf4       0x54 Profiles.o
                0x00003cf4                SaveProfile
 .text.GenerateProfileGraph
                0x00003d48      0x20a ReflowScreen.o
                0x00003d48                GenerateProfileGraph
 .text.DrawTime
                0x00003f52       0xd8 ReflowScreen.o
                0x00003f52                DrawTime
 .text.DrawUpdate
                0x0000402a      0x286 ReflowScreen.o
                0x0000402a                DrawUpdate
 .text.InitReflowScreen
                0x000042b0       0x64 ReflowScreen.o
                0x000042b0                InitReflowScreen
 .text.EraseWriteAppTablePage
                0x00004314       0x22 sp_driver.o
                0x00004314                EraseWriteAppTablePage
 .text.ReadFlashPage
                0x00004336       0x18 sp_driver.o
                0x00004336                ReadFlashPage
 .text.udi_cdc_comm_disable
                0x0000434e        0xc src/ASF/common/services/usb/class/cdc/device/udi_cdc.o
                0x0000434e                udi_cdc_comm_disable
 .text.udi_cdc_data_setup
                0x0000435a        0x4 src/ASF/common/services/usb/class/cdc/device/udi_cdc.o
                0x0000435a                udi_cdc_data_setup
 .text.udi_cdc_getsetting
                0x0000435e        0x4 src/ASF/common/services/usb/class/cdc/device/udi_cdc.o
                0x0000435e                udi_cdc_getsetting
 .text.udi_cdc_comm_setup
                0x00004362       0x94 src/ASF/common/services/usb/class/cdc/device/udi_cdc.o
                0x00004362                udi_cdc_comm_setup
 .text.udi_cdc_line_coding_received
                0x000043f6        0x2 src/ASF/common/services/usb/class/cdc/device/udi_cdc.o
 .text.udi_cdc_comm_enable
                0x000043f8       0x5c src/ASF/common/services/usb/class/cdc/device/udi_cdc.o
                0x000043f8                udi_cdc_comm_enable
 .text.udi_cdc_tx_send
                0x00004454      0x162 src/ASF/common/services/usb/class/cdc/device/udi_cdc.o
 .text.udi_cdc_data_sof_notify
                0x000045b6        0x6 src/ASF/common/services/usb/class/cdc/device/udi_cdc.o
                0x000045b6                udi_cdc_data_sof_notify
 .text.udi_cdc_data_sent
                0x000045bc       0x3a src/ASF/common/services/usb/class/cdc/device/udi_cdc.o
 .text.udi_cdc_data_disable
                0x000045f6       0x18 src/ASF/common/services/usb/class/cdc/device/udi_cdc.o
                0x000045f6                udi_cdc_data_disable
 .text.udi_cdc_multi_get_nb_received_data
                0x0000460e       0x3a src/ASF/common/services/usb/class/cdc/device/udi_cdc.o
                0x0000460e                udi_cdc_multi_get_nb_received_data
 .text.udi_cdc_multi_is_rx_ready
                0x00004648        0xe src/ASF/common/services/usb/class/cdc/device/udi_cdc.o
                0x00004648                udi_cdc_multi_is_rx_ready
 .text.udi_cdc_rx_start
                0x00004656       0xa4 src/ASF/common/services/usb/class/cdc/device/udi_cdc.o
 .text.udi_cdc_data_enable
                0x000046fa       0x64 src/ASF/common/services/usb/class/cdc/device/udi_cdc.o
                0x000046fa                udi_cdc_data_enable
 .text.udi_cdc_data_received
                0x0000475e       0x60 src/ASF/common/services/usb/class/cdc/device/udi_cdc.o
 .text.udi_cdc_multi_getc
                0x000047be       0xa8 src/ASF/common/services/usb/class/cdc/device/udi_cdc.o
                0x000047be                udi_cdc_multi_getc
 .text.udi_cdc_getc
                0x00004866        0x6 src/ASF/common/services/usb/class/cdc/device/udi_cdc.o
                0x00004866                udi_cdc_getc
 .text.udi_cdc_multi_get_free_tx_buffer
                0x0000486c       0x60 src/ASF/common/services/usb/class/cdc/device/udi_cdc.o
                0x0000486c                udi_cdc_multi_get_free_tx_buffer
 .text.udi_cdc_multi_is_tx_ready
                0x000048cc        0xe src/ASF/common/services/usb/class/cdc/device/udi_cdc.o
                0x000048cc                udi_cdc_multi_is_tx_ready
 .text.udi_cdc_multi_putc
                0x000048da       0x9e src/ASF/common/services/usb/class/cdc/device/udi_cdc.o
                0x000048da                udi_cdc_multi_putc
 .text.udi_cdc_putc
                0x00004978        0x8 src/ASF/common/services/usb/class/cdc/device/udi_cdc.o
                0x00004978                udi_cdc_putc
 .text.udc_next_desc_in_iface
                0x00004980       0x64 src/ASF/common/services/usb/udc/udc.o
 .text.udc_valid_address
                0x000049e4        0xa src/ASF/common/services/usb/udc/udc.o
 .text.udc_update_iface_desc
                0x000049ee       0x74 src/ASF/common/services/usb/udc/udc.o
 .text.udc_iface_disable
                0x00004a62       0x84 src/ASF/common/services/usb/udc/udc.o
 .text.udc_iface_enable
                0x00004ae6       0x64 src/ASF/common/services/usb/udc/udc.o
 .text.udc_start
                0x00004b4a        0x4 src/ASF/common/services/usb/udc/udc.o
                0x00004b4a                udc_start
 .text.udc_reset
                0x00004b4e       0x4e src/ASF/common/services/usb/udc/udc.o
                0x00004b4e                udc_reset
 .text.udc_sof_notify
                0x00004b9c       0x60 src/ASF/common/services/usb/udc/udc.o
                0x00004b9c                udc_sof_notify
 .text.udc_process_setup
                0x00004bfc      0x504 src/ASF/common/services/usb/udc/udc.o
                0x00004bfc                udc_process_setup
 .text.udd_sleep_mode
                0x00005100       0x70 src/ASF/xmega/drivers/usb/usb_device.o
 .text.udd_ctrl_init
                0x00005170       0x4a src/ASF/xmega/drivers/usb/usb_device.o
 .text.udd_ctrl_stall_data
                0x000051ba       0x1c src/ASF/xmega/drivers/usb/usb_device.o
 .text.udd_ctrl_send_zlp_in
                0x000051d6       0x1c src/ASF/xmega/drivers/usb/usb_device.o
 .text.udd_ctrl_endofrequest
                0x000051f2       0x10 src/ASF/xmega/drivers/usb/usb_device.o
 .text.udd_ctrl_in_sent
                0x00005202       0xd8 src/ASF/xmega/drivers/usb/usb_device.o
 .text.udd_ep_get_size
                0x000052da       0x52 src/ASF/xmega/drivers/usb/usb_device.o
 .text.udd_ep_get_job
                0x0000532c       0x36 src/ASF/xmega/drivers/usb/usb_device.o
 .text.udd_ctrl_interrupt_tc_setup
                0x00005362       0xe2 src/ASF/xmega/drivers/usb/usb_device.o
 .text.udd_ep_trans_complet
                0x00005444      0x306 src/ASF/xmega/drivers/usb/usb_device.o
 .text.udd_attach
                0x0000574a       0x5a src/ASF/xmega/drivers/usb/usb_device.o
                0x0000574a                udd_attach
 .text.udd_enable
                0x000057a4      0x104 src/ASF/xmega/drivers/usb/usb_device.o
                0x000057a4                udd_enable
 .text.udd_is_high_speed
                0x000058a8        0x4 src/ASF/xmega/drivers/usb/usb_device.o
                0x000058a8                udd_is_high_speed
 .text.udd_set_address
                0x000058ac        0x6 src/ASF/xmega/drivers/usb/usb_device.o
                0x000058ac                udd_set_address
 .text.udd_getaddress
                0x000058b2        0x6 src/ASF/xmega/drivers/usb/usb_device.o
                0x000058b2                udd_getaddress
 .text.udd_get_frame_number
                0x000058b8        0xa src/ASF/xmega/drivers/usb/usb_device.o
                0x000058b8                udd_get_frame_number
 .text.udd_get_micro_frame_number
                0x000058c2        0x6 src/ASF/xmega/drivers/usb/usb_device.o
                0x000058c2                udd_get_micro_frame_number
 .text.udd_set_setup_payload
                0x000058c8        0xe src/ASF/xmega/drivers/usb/usb_device.o
                0x000058c8                udd_set_setup_payload
 .text.udd_ep_alloc
                0x000058d6      0x110 src/ASF/xmega/drivers/usb/usb_device.o
                0x000058d6                udd_ep_alloc
 .text.udd_ep_is_halted
                0x000059e6       0x36 src/ASF/xmega/drivers/usb/usb_device.o
                0x000059e6                udd_ep_is_halted
 .text.udd_ep_clear_halt
                0x00005a1c       0x6e src/ASF/xmega/drivers/usb/usb_device.o
                0x00005a1c                udd_ep_clear_halt
 .text.udd_ep_run
                0x00005a8a      0x18e src/ASF/xmega/drivers/usb/usb_device.o
                0x00005a8a                udd_ep_run
 .text.udd_ep_abort
                0x00005c18       0x92 src/ASF/xmega/drivers/usb/usb_device.o
                0x00005c18                udd_ep_abort
 .text.udd_ep_free
                0x00005caa       0x38 src/ASF/xmega/drivers/usb/usb_device.o
                0x00005caa                udd_ep_free
 .text.udd_ep_set_halt
                0x00005ce2       0x3a src/ASF/xmega/drivers/usb/usb_device.o
                0x00005ce2                udd_ep_set_halt
 .text.__vector_125
                0x00005d1c      0x186 src/ASF/xmega/drivers/usb/usb_device.o
                0x00005d1c                __vector_125
 .text.__vector_126
                0x00005ea2      0x210 src/ASF/xmega/drivers/usb/usb_device.o
                0x00005ea2                __vector_126
 .text.GetFullTemp
                0x000060b2       0x64 TempSensor.o
                0x000060b2                GetFullTemp
 .text.GetTemp  0x00006116       0x22 TempSensor.o
                0x00006116                GetTemp
 .text.InitSPI  0x00006138       0x16 TempSensor.o
                0x00006138                InitSPI
 .text.InitTempSensor
                0x0000614e        0x4 TempSensor.o
                0x0000614e                InitTempSensor
 .text.sysclk_init
                0x00006152       0x7e src/ASF/common/services/clock/xmega/sysclk.o
                0x00006152                sysclk_init
 .text.sysclk_enable_module
                0x000061d0       0x2c src/ASF/common/services/clock/xmega/sysclk.o
                0x000061d0                sysclk_enable_module
 .text.sysclk_enable_usb
                0x000061fc       0x8a src/ASF/common/services/clock/xmega/sysclk.o
                0x000061fc                sysclk_enable_usb
 .text.nvm_eeprom_read_byte
                0x00006286       0x22 src/ASF/xmega/drivers/nvm/nvm.o
                0x00006286                nvm_eeprom_read_byte
 .text.nvm_read_byte
                0x000062a8       0x14 src/ASF/xmega/drivers/nvm/nvm_asm.o
                0x000062a8                nvm_read_byte
 .text.ccp_write_io
                0x000062bc        0xc src/ASF/xmega/drivers/cpu/ccp.o
                0x000062bc                ccp_write_io
 .text.avr-libc.fplib
                0x000062c8        0xa c:/program files (x86)/atmel/studio/7.0/toolchain/avr8/avr8-gnu-toolchain/bin/../lib/gcc/avr/4.9.2/../../../../avr/lib/avrxmega7\libm.a(addsf3.o)
                0x000062c8                __subsf3
                0x000062ca                __addsf3
 .text.avr-libc.fplib
                0x000062d2       0xc0 c:/program files (x86)/atmel/studio/7.0/toolchain/avr8/avr8-gnu-toolchain/bin/../lib/gcc/avr/4.9.2/../../../../avr/lib/avrxmega7\libm.a(addsf3x.o)
                0x000062ec                __addsf3x
 .text.avr-libc.fplib
                0x00006392        0x8 c:/program files (x86)/atmel/studio/7.0/toolchain/avr8/avr8-gnu-toolchain/bin/../lib/gcc/avr/4.9.2/../../../../avr/lib/avrxmega7\libm.a(cmpsf2.o)
                0x00006392                __nesf2
                0x00006392                __eqsf2
                0x00006392                __cmpsf2
                0x00006392                __ltsf2
                0x00006392                __lesf2
 .text.avr-libc.fplib
                0x0000639a        0x4 c:/program files (x86)/atmel/studio/7.0/toolchain/avr8/avr8-gnu-toolchain/bin/../lib/gcc/avr/4.9.2/../../../../avr/lib/avrxmega7\libm.a(divsf3.o)
                0x0000639a                __divsf3
 .text.avr-libc.fplib
                0x0000639e       0xcc c:/program files (x86)/atmel/studio/7.0/toolchain/avr8/avr8-gnu-toolchain/bin/../lib/gcc/avr/4.9.2/../../../../avr/lib/avrxmega7\libm.a(divsf3x.o)
                0x000063b4                __divsf3x
                0x000063b8                __divsf3_pse
 .text.avr-libc.fplib
                0x0000646a        0xa c:/program files (x86)/atmel/studio/7.0/toolchain/avr8/avr8-gnu-toolchain/bin/../lib/gcc/avr/4.9.2/../../../../avr/lib/avrxmega7\libm.a(fixsfsi.o)
                0x0000646a                __fixsfsi
 .text.avr-libc.fplib
                0x00006474       0x58 c:/program files (x86)/atmel/studio/7.0/toolchain/avr8/avr8-gnu-toolchain/bin/../lib/gcc/avr/4.9.2/../../../../avr/lib/avrxmega7\libm.a(fixunssfsi.o)
                0x00006474                __fixunssfsi
 .text.avr-libc.fplib
                0x000064cc       0x7a c:/program files (x86)/atmel/studio/7.0/toolchain/avr8/avr8-gnu-toolchain/bin/../lib/gcc/avr/4.9.2/../../../../avr/lib/avrxmega7\libm.a(floatsisf.o)
                0x000064cc                __floatunsisf
                0x000064d0                __floatsisf
 .text.avr-libc.fplib
                0x00006546       0x48 c:/program files (x86)/atmel/studio/7.0/toolchain/avr8/avr8-gnu-toolchain/bin/../lib/gcc/avr/4.9.2/../../../../avr/lib/avrxmega7\libm.a(fp_cmp.o)
                0x00006546                __fp_cmp
 .text.avr-libc.fplib
                0x0000658e        0xc c:/program files (x86)/atmel/studio/7.0/toolchain/avr8/avr8-gnu-toolchain/bin/../lib/gcc/avr/4.9.2/../../../../avr/lib/avrxmega7\libm.a(fp_inf.o)
                0x0000658e                __fp_inf
 .text.avr-libc.fplib
                0x0000659a        0x6 c:/program files (x86)/atmel/studio/7.0/toolchain/avr8/avr8-gnu-toolchain/bin/../lib/gcc/avr/4.9.2/../../../../avr/lib/avrxmega7\libm.a(fp_nan.o)
                0x0000659a                __fp_nan
 .text.avr-libc.fplib
                0x000065a0        0xe c:/program files (x86)/atmel/studio/7.0/toolchain/avr8/avr8-gnu-toolchain/bin/../lib/gcc/avr/4.9.2/../../../../avr/lib/avrxmega7\libm.a(fp_pscA.o)
                0x000065a0                __fp_pscA
 .text.avr-libc.fplib
                0x000065ae        0xe c:/program files (x86)/atmel/studio/7.0/toolchain/avr8/avr8-gnu-toolchain/bin/../lib/gcc/avr/4.9.2/../../../../avr/lib/avrxmega7\libm.a(fp_pscB.o)
                0x000065ae                __fp_pscB
 .text.avr-libc.fplib
                0x000065bc       0x22 c:/program files (x86)/atmel/studio/7.0/toolchain/avr8/avr8-gnu-toolchain/bin/../lib/gcc/avr/4.9.2/../../../../avr/lib/avrxmega7\libm.a(fp_round.o)
                0x000065bc                __fp_round
 .text.avr-libc.fplib
                0x000065de       0x44 c:/program files (x86)/atmel/studio/7.0/toolchain/avr8/avr8-gnu-toolchain/bin/../lib/gcc/avr/4.9.2/../../../../avr/lib/avrxmega7\libm.a(fp_split3.o)
                0x000065de                __fp_split3
                0x000065ee                __fp_splitA
 .text.avr-libc.fplib
                0x00006622        0xe c:/program files (x86)/atmel/studio/7.0/toolchain/avr8/avr8-gnu-toolchain/bin/../lib/gcc/avr/4.9.2/../../../../avr/lib/avrxmega7\libm.a(fp_zero.o)
                0x00006622                __fp_zero
                0x00006624                __fp_szero
 .text.avr-libc.fplib
                0x00006630        0x4 c:/program files (x86)/atmel/studio/7.0/toolchain/avr8/avr8-gnu-toolchain/bin/../lib/gcc/avr/4.9.2/../../../../avr/lib/avrxmega7\libm.a(mulsf3.o)
                0x00006630                __mulsf3
 .text.avr-libc.fplib
                0x00006634       0xc2 c:/program files (x86)/atmel/studio/7.0/toolchain/avr8/avr8-gnu-toolchain/bin/../lib/gcc/avr/4.9.2/../../../../avr/lib/avrxmega7\libm.a(mulsf3x.o)
                0x00006648                __mulsf3x
                0x0000664c                __mulsf3_pse
 .text.libgcc.div
                0x000066f6       0x28 c:/program files (x86)/atmel/studio/7.0/toolchain/avr8/avr8-gnu-toolchain/bin/../lib/gcc/avr/4.9.2/avrxmega7\libgcc.a(_udivmodhi4.o)
                0x000066f6                __udivmodhi4
 .text.libgcc   0x0000671e       0x12 c:/program files (x86)/atmel/studio/7.0/toolchain/avr8/avr8-gnu-toolchain/bin/../lib/gcc/avr/4.9.2/avrxmega7\libgcc.a(_tablejump2.o)
                0x0000671e                __tablejump2__
 .text.libgcc.mul
                0x00006730       0x1e c:/program files (x86)/atmel/studio/7.0/toolchain/avr8/avr8-gnu-toolchain/bin/../lib/gcc/avr/4.9.2/avrxmega7\libgcc.a(_umulhisi3.o)
                0x00006730                __umulhisi3
 .text.avr-libc
                0x0000674e       0x34 c:/program files (x86)/atmel/studio/7.0/toolchain/avr8/avr8-gnu-toolchain/bin/../lib/gcc/avr/4.9.2/../../../../avr/lib/avrxmega7\libc.a(calloc.o)
                0x0000674e                calloc
 .text.avr-libc
                0x00006782      0x25a c:/program files (x86)/atmel/studio/7.0/toolchain/avr8/avr8-gnu-toolchain/bin/../lib/gcc/avr/4.9.2/../../../../avr/lib/avrxmega7\libc.a(malloc.o)
                0x00006782                malloc
                0x000068ac                free
 .text.avr-libc
                0x000069dc       0x3a c:/program files (x86)/atmel/studio/7.0/toolchain/avr8/avr8-gnu-toolchain/bin/../lib/gcc/avr/4.9.2/../../../../avr/lib/avrxmega7\libc.a(atoi.o)
                0x000069dc                atoi
 .text.avr-libc
                0x00006a16       0x12 c:/program files (x86)/atmel/studio/7.0/toolchain/avr8/avr8-gnu-toolchain/bin/../lib/gcc/avr/4.9.2/../../../../avr/lib/avrxmega7\libc.a(memcpy.o)
                0x00006a16                memcpy
 .text.avr-libc
                0x00006a28        0xe c:/program files (x86)/atmel/studio/7.0/toolchain/avr8/avr8-gnu-toolchain/bin/../lib/gcc/avr/4.9.2/../../../../avr/lib/avrxmega7\libc.a(memset.o)
                0x00006a28                memset
 .text.avr-libc
                0x00006a36       0x12 c:/program files (x86)/atmel/studio/7.0/toolchain/avr8/avr8-gnu-toolchain/bin/../lib/gcc/avr/4.9.2/../../../../avr/lib/avrxmega7\libc.a(strcmp.o)
                0x00006a36                strcmp
 .text.avr-libc
                0x00006a48       0x14 c:/program files (x86)/atmel/studio/7.0/toolchain/avr8/avr8-gnu-toolchain/bin/../lib/gcc/avr/4.9.2/../../../../avr/lib/avrxmega7\libc.a(itoa_ncheck.o)
                0x00006a48                __itoa_ncheck
 .text.avr-libc
                0x00006a5c       0x10 c:/program files (x86)/atmel/studio/7.0/toolchain/avr8/avr8-gnu-toolchain/bin/../lib/gcc/avr/4.9.2/../../../../avr/lib/avrxmega7\libc.a(mul10.o)
                0x00006a5c                __mulhi_const_10
 .text.avr-libc
                0x00006a6c       0x32 c:/program files (x86)/atmel/studio/7.0/toolchain/avr8/avr8-gnu-toolchain/bin/../lib/gcc/avr/4.9.2/../../../../avr/lib/avrxmega7\libc.a(utoa_ncheck.o)
                0x00006a6c                __utoa_ncheck
                0x00006a6e                __utoa_common
 .text.avr-libc
                0x00006a9e       0x26 c:/program files (x86)/atmel/studio/7.0/toolchain/avr8/avr8-gnu-toolchain/bin/../lib/gcc/avr/4.9.2/../../../../avr/lib/avrxmega7\libc.a(printf.o)
                0x00006a9e                printf
 .text.avr-libc
                0x00006ac4       0x4e c:/program files (x86)/atmel/studio/7.0/toolchain/avr8/avr8-gnu-toolchain/bin/../lib/gcc/avr/4.9.2/../../../../avr/lib/avrxmega7\libc.a(printf_p.o)
                0x00006ac4                printf_P
 .text.avr-libc
                0x00006b12       0x60 c:/program files (x86)/atmel/studio/7.0/toolchain/avr8/avr8-gnu-toolchain/bin/../lib/gcc/avr/4.9.2/../../../../avr/lib/avrxmega7\libc.a(puts.o)
                0x00006b12                puts
 .text.avr-libc
                0x00006b72      0x3d0 c:/program files (x86)/atmel/studio/7.0/toolchain/avr8/avr8-gnu-toolchain/bin/../lib/gcc/avr/4.9.2/../../../../avr/lib/avrxmega7\libc.a(vfprintf_std.o)
                0x00006b72                vfprintf
 .text.avr-libc
                0x00006f42       0x16 c:/program files (x86)/atmel/studio/7.0/toolchain/avr8/avr8-gnu-toolchain/bin/../lib/gcc/avr/4.9.2/../../../../avr/lib/avrxmega7\libc.a(strnlen_P.o)
                0x00006f42                strnlen_P
 .text.avr-libc
                0x00006f58       0x16 c:/program files (x86)/atmel/studio/7.0/toolchain/avr8/avr8-gnu-toolchain/bin/../lib/gcc/avr/4.9.2/../../../../avr/lib/avrxmega7\libc.a(strnlen.o)
                0x00006f58                strnlen
 .text.avr-libc
                0x00006f6e       0x20 c:/program files (x86)/atmel/studio/7.0/toolchain/avr8/avr8-gnu-toolchain/bin/../lib/gcc/avr/4.9.2/../../../../avr/lib/avrxmega7\libc.a(strrev.o)
                0x00006f6e                strrev
 .text.avr-libc
                0x00006f8e       0x70 c:/program files (x86)/atmel/studio/7.0/toolchain/avr8/avr8-gnu-toolchain/bin/../lib/gcc/avr/4.9.2/../../../../avr/lib/avrxmega7\libc.a(fputc.o)
                0x00006f8e                fputc
 .text.avr-libc
                0x00006ffe       0xbc c:/program files (x86)/atmel/studio/7.0/toolchain/avr8/avr8-gnu-toolchain/bin/../lib/gcc/avr/4.9.2/../../../../avr/lib/avrxmega7\libc.a(ultoa_invert.o)
                0x00006ffe                __ultoa_invert
                0x000070ba                . = ALIGN (0x2)
 *(.fini9)
 .fini9         0x000070ba        0x0 c:/program files (x86)/atmel/studio/7.0/toolchain/avr8/avr8-gnu-toolchain/bin/../lib/gcc/avr/4.9.2/avrxmega7\libgcc.a(_exit.o)
                0x000070ba                _exit
                0x000070ba                exit
 *(.fini9)
 *(.fini8)
 *(.fini8)
 *(.fini7)
 *(.fini7)
 *(.fini6)
 *(.fini6)
 *(.fini5)
 *(.fini5)
 *(.fini4)
 *(.fini4)
 *(.fini3)
 *(.fini3)
 *(.fini2)
 *(.fini2)
 *(.fini1)
 *(.fini1)
 *(.fini0)
 .fini0         0x000070ba        0x4 c:/program files (x86)/atmel/studio/7.0/toolchain/avr8/avr8-gnu-toolchain/bin/../lib/gcc/avr/4.9.2/avrxmega7\libgcc.a(_exit.o)
 *(.fini0)
                0x000070be                _etext = .

.data           0x00802000      0x4ae load address 0x000070be
                0x00802000                PROVIDE (__data_start, .)
 *(.data)
 .data          0x00802000        0x6 c:/program files (x86)/atmel/studio/7.0/toolchain/avr8/avr8-gnu-toolchain/bin/../lib/gcc/avr/4.9.2/../../../../avr/lib/avrxmega7\libc.a(malloc.o)
                0x00802000                __malloc_heap_end
                0x00802002                __malloc_heap_start
                0x00802004                __malloc_margin
 *(.data*)
 .data._currentBuff
                0x00802006        0x2 Graphics.o
                0x00802006                _currentBuff
 .data.mystdout
                0x00802008        0xe main.o
 .data.MenuMode
                0x00802016        0x1 Menu.o
                0x00802016                MenuMode
 .data.BuzzerOnTime
                0x00802017        0x2 Oven.o
                0x00802017                BuzzerOnTime
 .data.BackLightOnTime
                0x00802019        0x2 Oven.o
                0x00802019                BackLightOnTime
 .data._tempType
                0x0080201b        0x2 ReflowScreen.o
                0x0080201b                _tempType
 .data.udi_api_cdc_data
                0x0080201d        0xa src/ASF/common/services/usb/class/cdc/device/udi_cdc.o
                0x0080201d                udi_api_cdc_data
 .data.udi_api_cdc_comm
                0x00802027        0xa src/ASF/common/services/usb/class/cdc/device/udi_cdc.o
                0x00802027                udi_api_cdc_comm
 *fill*         0x00802031        0x1 
 .data.udc_string_desc
                0x00802032       0x26 src/ASF/common/services/usb/udc/udc.o
 .data.udc_string_product_name
                0x00802058       0x13 src/ASF/common/services/usb/udc/udc.o
 .data.udc_string_manufacturer_name
                0x0080206b       0x13 src/ASF/common/services/usb/udc/udc.o
 .data.udc_string_desc_languageid
                0x0080207e        0x4 src/ASF/common/services/usb/udc/udc.o
 .data.udc_config
                0x00802082        0x6 src/ASF/common/services/usb/class/cdc/device/udi_cdc_desc.o
                0x00802082                udc_config
 .data.udc_config_fs
                0x00802088        0x4 src/ASF/common/services/usb/class/cdc/device/udi_cdc_desc.o
                0x00802088                udc_config_fs
 .data.udi_apis
                0x0080208c        0x4 src/ASF/common/services/usb/class/cdc/device/udi_cdc_desc.o
                0x0080208c                udi_apis
 .data.udc_desc_fs
                0x00802090       0x44 src/ASF/common/services/usb/class/cdc/device/udi_cdc_desc.o
                0x00802090                udc_desc_fs
 .data.udc_device_desc
                0x008020d4       0x12 src/ASF/common/services/usb/class/cdc/device/udi_cdc_desc.o
                0x008020d4                udc_device_desc
 *(.rodata)
 .rodata        0x008020e6       0x2e Menu.o
 *(.rodata*)
 .rodata.str1.1
                0x00802114      0x2f0 CommandDecoder.o
                                0x30a (size before relaxing)
 .rodata.str1.1
                0x00802404       0x43 main.o
                                 0x5a (size before relaxing)
 .rodata.str1.1
                0x00802447       0x2c Oven.o
                                 0x3d (size before relaxing)
 .rodata.DefaultProfile
                0x00802473       0x19 Profiles.o
 .rodata.str1.1
                0x0080248c       0x1a ReflowScreen.o
                                 0x29 (size before relaxing)
 .rodata.str1.1
                0x008024a6        0x8 src/ASF/common/services/usb/udc/udc.o
 *(.gnu.linkonce.d*)
                0x008024ae                . = ALIGN (0x2)
                0x008024ae                _edata = .
                0x008024ae                PROVIDE (__data_end, .)

.bss            0x008024ae      0xeb9
                0x008024ae                PROVIDE (__bss_start, .)
 *(.bss)
 *(.bss*)
 .bss.index.5680
                0x008024ae        0x1 CommandDecoder.o
 .bss._elementIndex
                0x008024af        0x2 CommandDecoder.o
                0x008024af                _elementIndex
 .bss._argsIndex
                0x008024b1        0x1 CommandDecoder.o
                0x008024b1                _argsIndex
 .bss._index    0x008024b2        0x1 CommandDecoder.o
                0x008024b2                _index
 .bss._newProfileState
                0x008024b3        0x1 CommandDecoder.o
                0x008024b3                _newProfileState
 .bss._cmdState
                0x008024b4        0x1 CommandDecoder.o
                0x008024b4                _cmdState
 .bss.my_flag_autorize_cdc_transfert
                0x008024b5        0x1 main.o
 .bss._sendChar
                0x008024b6        0x1 main.o
                0x008024b6                _sendChar
 .bss._flashTimer
                0x008024b7        0x2 main.o
                0x008024b7                _flashTimer
 .bss._buzzerTimer
                0x008024b9        0x2 main.o
                0x008024b9                _buzzerTimer
 .bss._blTimer  0x008024bb        0x2 main.o
                0x008024bb                _blTimer
 .bss._secondTimer
                0x008024bd        0x2 main.o
                0x008024bd                _secondTimer
 .bss._button4Repeat
                0x008024bf        0x1 main.o
                0x008024bf                _button4Repeat
 .bss._button3Repeat
                0x008024c0        0x1 main.o
                0x008024c0                _button3Repeat
 .bss._button2Repeat
                0x008024c1        0x1 main.o
                0x008024c1                _button2Repeat
 .bss._button1Repeat
                0x008024c2        0x1 main.o
                0x008024c2                _button1Repeat
 .bss._button0Repeat
                0x008024c3        0x1 main.o
                0x008024c3                _button0Repeat
 .bss._button4Counter
                0x008024c4        0x1 main.o
                0x008024c4                _button4Counter
 .bss._button3Counter
                0x008024c5        0x1 main.o
                0x008024c5                _button3Counter
 .bss._button2Counter
                0x008024c6        0x1 main.o
                0x008024c6                _button2Counter
 .bss._button1Counter
                0x008024c7        0x1 main.o
                0x008024c7                _button1Counter
 .bss._button0Counter
                0x008024c8        0x1 main.o
                0x008024c8                _button0Counter
 .bss._updateCounter
                0x008024c9        0x1 main.o
                0x008024c9                _updateCounter
 .bss._versionDelay
                0x008024ca        0x2 main.o
                0x008024ca                _versionDelay
 .bss._splashDelay
                0x008024cc        0x2 main.o
                0x008024cc                _splashDelay
 .bss._updateTimerOn
                0x008024ce        0x1 main.o
                0x008024ce                _updateTimerOn
 .bss._versionTimerOn
                0x008024cf        0x1 main.o
                0x008024cf                _versionTimerOn
 .bss._splashTimerOn
                0x008024d0        0x1 main.o
                0x008024d0                _splashTimerOn
 .bss.SelectedIndex
                0x008024d1        0x1 Menu.o
                0x008024d1                SelectedIndex
 .bss._includeBottomHeater
                0x008024d2        0x1 Oven.o
                0x008024d2                _includeBottomHeater
 .bss._includeTopHeater
                0x008024d3        0x1 Oven.o
                0x008024d3                _includeTopHeater
 .bss._raIndex  0x008024d4        0x1 Oven.o
                0x008024d4                _raIndex
 .bss._lastTemp
                0x008024d5        0x2 Oven.o
                0x008024d5                _lastTemp
 .bss._lastSecond
                0x008024d7        0x2 Oven.o
                0x008024d7                _lastSecond
 .bss.ProfileNumber
                0x008024d9        0x1 Oven.o
                0x008024d9                ProfileNumber
 .bss.ReflowIsFinished
                0x008024da        0x1 Oven.o
                0x008024da                ReflowIsFinished
 .bss.LoggingOn
                0x008024db        0x1 Oven.o
                0x008024db                LoggingOn
 .bss.FlashBlueOn
                0x008024dc        0x1 Oven.o
                0x008024dc                FlashBlueOn
 .bss.BuzzerOn  0x008024dd        0x1 Oven.o
                0x008024dd                BuzzerOn
 .bss.BackLightOn
                0x008024de        0x1 Oven.o
                0x008024de                BackLightOn
 .bss.OvenMode  0x008024df        0x1 Oven.o
                0x008024df                OvenMode
 .bss.TempType  0x008024e0        0x1 Oven.o
                0x008024e0                TempType
 .bss.OvenState
                0x008024e1        0x1 Oven.o
                0x008024e1                OvenState
 .bss.sof_zlp_counter.4973
                0x008024e2        0x2 src/ASF/common/services/usb/class/cdc/device/udi_cdc.o
 .bss.udi_cdc_tx_both_buf_to_send
                0x008024e4        0x1 src/ASF/common/services/usb/class/cdc/device/udi_cdc.o
 .bss.udi_cdc_tx_trans_ongoing
                0x008024e5        0x1 src/ASF/common/services/usb/class/cdc/device/udi_cdc.o
 .bss.udi_cdc_tx_sof_num
                0x008024e6        0x2 src/ASF/common/services/usb/class/cdc/device/udi_cdc.o
 .bss.udi_cdc_tx_buf_sel
                0x008024e8        0x1 src/ASF/common/services/usb/class/cdc/device/udi_cdc.o
 .bss.udi_cdc_tx_buf_nb
                0x008024e9        0x4 src/ASF/common/services/usb/class/cdc/device/udi_cdc.o
 *fill*         0x008024ed        0x1 
 .bss.udi_cdc_tx_buf
                0x008024ee       0x80 src/ASF/common/services/usb/class/cdc/device/udi_cdc.o
 .bss.udi_cdc_rx_trans_ongoing
                0x0080256e        0x1 src/ASF/common/services/usb/class/cdc/device/udi_cdc.o
 .bss.udi_cdc_rx_pos
                0x0080256f        0x2 src/ASF/common/services/usb/class/cdc/device/udi_cdc.o
 .bss.udi_cdc_rx_buf_sel
                0x00802571        0x1 src/ASF/common/services/usb/class/cdc/device/udi_cdc.o
 .bss.udi_cdc_rx_buf_nb
                0x00802572        0x4 src/ASF/common/services/usb/class/cdc/device/udi_cdc.o
 .bss.udi_cdc_rx_buf
                0x00802576       0x80 src/ASF/common/services/usb/class/cdc/device/udi_cdc.o
 .bss.udi_cdc_data_running
                0x008025f6        0x1 src/ASF/common/services/usb/class/cdc/device/udi_cdc.o
 .bss.udi_cdc_nb_data_enabled
                0x008025f7        0x1 src/ASF/common/services/usb/class/cdc/device/udi_cdc.o
 .bss.udi_cdc_nb_comm_enabled
                0x008025f8        0x1 src/ASF/common/services/usb/class/cdc/device/udi_cdc.o
 *fill*         0x008025f9        0x1 
 .bss.uid_cdc_state_msg
                0x008025fa        0xa src/ASF/common/services/usb/class/cdc/device/udi_cdc.o
 .bss.udi_cdc_state
                0x00802604        0x2 src/ASF/common/services/usb/class/cdc/device/udi_cdc.o
 .bss.udi_cdc_line_coding
                0x00802606        0x8 src/ASF/common/services/usb/class/cdc/device/udi_cdc.o
 .bss.udc_ep_status.4671
                0x0080260e        0x2 src/ASF/common/services/usb/udc/udc.o
 .bss.udc_ptr_iface
                0x00802610        0x2 src/ASF/common/services/usb/udc/udc.o
 .bss.udc_ptr_conf
                0x00802612        0x2 src/ASF/common/services/usb/udc/udc.o
 .bss.udc_num_configuration
                0x00802614        0x2 src/ASF/common/services/usb/udc/udc.o
 .bss.udc_iface_setting
                0x00802616        0x2 src/ASF/common/services/usb/udc/udc.o
 .bss.udc_device_status
                0x00802618        0x2 src/ASF/common/services/usb/udc/udc.o
 .bss.b_shortpacket.5383
                0x0080261a        0x1 src/ASF/xmega/drivers/usb/usb_device.o
 .bss.udd_ep_out_cache_buffer
                0x0080261b       0x80 src/ASF/xmega/drivers/usb/usb_device.o
 .bss.udd_ep_job
                0x0080269b       0x24 src/ASF/xmega/drivers/usb/usb_device.o
 .bss.udd_ctrl_buffer
                0x008026bf       0x40 src/ASF/xmega/drivers/usb/usb_device.o
 .bss.udd_ctrl_payload_nb_trans
                0x008026ff        0x2 src/ASF/xmega/drivers/usb/usb_device.o
 .bss.udd_ctrl_prev_payload_nb_trans
                0x00802701        0x2 src/ASF/xmega/drivers/usb/usb_device.o
 .bss.udd_ep_control_state
                0x00802703        0x1 src/ASF/xmega/drivers/usb/usb_device.o
 .bss.udd_sram  0x00802704       0x40 src/ASF/xmega/drivers/usb/usb_device.o
 .bss.udd_b_idle
                0x00802744        0x1 src/ASF/xmega/drivers/usb/usb_device.o
 *(COMMON)
 COMMON         0x00802745      0x135 CommandDecoder.o
                0x00802745                screenout
                0x00802747                _args
                0x00802757                _command
                0x00802777                _newProfile
                0x00802877                _inputHandler
                0x00802879                _cmdModifier
 COMMON         0x0080287a      0x3f0 Graphics.o
                0x0080287a                _buff0
                0x00802a72                _buff1
 COMMON         0x00802c6a      0x211 Menu.o
                0x00802c6a                _windowIndex
                0x00802c6b                _names
                0x00802d7b                _readBuffer
 COMMON         0x00802e7b      0x224 Oven.o
                0x00802e7b                _rollingAverage
                0x00802e8f                RunTime
                0x00802e91                MaxTime
                0x00802e93                _backLightTimer
                0x00802e95                _times
                0x00802e97                TempRange
                0x00802e99                _totalSegments
                0x00802e9b                Profile
                0x00802f9b                _temps
                0x00802f9d                _rises
                0x00802f9f                _flashProfile
 COMMON         0x0080309f      0x2a8 ReflowScreen.o
                0x0080309f                _timeScale
                0x008030a3                _tempScale
                0x008030a7                _buff
                0x0080329f                _profileGraph
                0x008032f3                _actualGraph
 COMMON         0x00803347       0x10 src/ASF/xmega/drivers/usb/usb_device.o
                0x00803347                udd_g_ctrlreq
 COMMON         0x00803357        0x6 src/ASF/common/services/sleepmgr/xmega/sleepmgr.o
                0x00803357                sleepmgr_locks
 COMMON         0x0080335d        0x4 c:/program files (x86)/atmel/studio/7.0/toolchain/avr8/avr8-gnu-toolchain/bin/../lib/gcc/avr/4.9.2/../../../../avr/lib/avrxmega7\libc.a(malloc.o)
                0x0080335d                __brkval
                0x0080335f                __flp
 COMMON         0x00803361        0x6 c:/program files (x86)/atmel/studio/7.0/toolchain/avr8/avr8-gnu-toolchain/bin/../lib/gcc/avr/4.9.2/../../../../avr/lib/avrxmega7\libc.a(iob.o)
                0x00803361                __iob
                0x00803367                PROVIDE (__bss_end, .)
                0x000070be                __data_load_start = LOADADDR (.data)
                0x0000756c                __data_load_end = (__data_load_start + SIZEOF (.data))

.noinit         0x00803367        0x0
                [!provide]                PROVIDE (__noinit_start, .)
 *(.noinit*)
                [!provide]                PROVIDE (__noinit_end, .)
                0x00803367                _end = .
                0x00803367                PROVIDE (__heap_start, .)

.eeprom         0x00810000        0x0
 *(.eeprom*)
                0x00810000                __eeprom_end = .

.fuse
 *(.fuse)
 *(.lfuse)
 *(.hfuse)
 *(.efuse)

.lock
 *(.lock*)

.signature
 *(.signature*)

.user_signatures
 *(.user_signatures*)

.stab
 *(.stab)

.stabstr
 *(.stabstr)

.stab.excl
 *(.stab.excl)

.stab.exclstr
 *(.stab.exclstr)

.stab.index
 *(.stab.index)

.stab.indexstr
 *(.stab.indexstr)

.comment        0x00000000       0x5c
 *(.comment)
 .comment       0x00000000       0x30 CommandDecoder.o
                                 0x31 (size before relaxing)
 .comment       0x00000030       0x31 Graphics.o
 .comment       0x00000030       0x31 LDC.o
 .comment       0x00000030       0x31 main.o
 .comment       0x00000030       0x31 Menu.o
 .comment       0x00000030       0x31 Oven.o
 .comment       0x00000030       0x31 Profiles.o
 .comment       0x00000030       0x31 ReflowScreen.o
 .comment       0x00000030       0x31 sp_driver.o
 .comment       0x00000030       0x31 src/ASF/common/services/usb/class/cdc/device/udi_cdc.o
 .comment       0x00000030       0x31 src/ASF/common/services/usb/udc/udc.o
 .comment       0x00000030       0x31 src/ASF/xmega/drivers/usb/usb_device.o
 .comment       0x00000030       0x31 TempSensor.o
 .comment       0x00000030       0x31 src/ASF/common/services/usb/class/cdc/device/udi_cdc_desc.o
 .comment       0x00000030       0x31 src/ASF/common/services/sleepmgr/xmega/sleepmgr.o
 .comment       0x00000030       0x31 src/ASF/common/services/clock/xmega/sysclk.o
 .comment       0x00000030       0x31 src/ASF/xmega/drivers/nvm/nvm.o
 .comment       0x00000030       0x31 c:/program files (x86)/atmel/studio/7.0/toolchain/avr8/avr8-gnu-toolchain/bin/../lib/gcc/avr/4.9.2/../../../../avr/lib/avrxmega7\libc.a(calloc.o)
 .comment       0x00000030       0x31 c:/program files (x86)/atmel/studio/7.0/toolchain/avr8/avr8-gnu-toolchain/bin/../lib/gcc/avr/4.9.2/../../../../avr/lib/avrxmega7\libc.a(malloc.o)
 .comment       0x00000030       0x31 c:/program files (x86)/atmel/studio/7.0/toolchain/avr8/avr8-gnu-toolchain/bin/../lib/gcc/avr/4.9.2/../../../../avr/lib/avrxmega7\libc.a(iob.o)
 .comment       0x00000030       0x31 c:/program files (x86)/atmel/studio/7.0/toolchain/avr8/avr8-gnu-toolchain/bin/../lib/gcc/avr/4.9.2/../../../../avr/lib/avrxmega7\libc.a(printf.o)
 .comment       0x00000030       0x31 c:/program files (x86)/atmel/studio/7.0/toolchain/avr8/avr8-gnu-toolchain/bin/../lib/gcc/avr/4.9.2/../../../../avr/lib/avrxmega7\libc.a(printf_p.o)
 .comment       0x00000030       0x31 c:/program files (x86)/atmel/studio/7.0/toolchain/avr8/avr8-gnu-toolchain/bin/../lib/gcc/avr/4.9.2/../../../../avr/lib/avrxmega7\libc.a(puts.o)
 .comment       0x00000030       0x2c c:/program files (x86)/atmel/studio/7.0/toolchain/avr8/avr8-gnu-toolchain/bin/../lib/gcc/avr/4.9.2/../../../../avr/lib/avrxmega7\libc.a(vfprintf_std.o)
                                 0x2d (size before relaxing)
 .comment       0x0000005c       0x31 c:/program files (x86)/atmel/studio/7.0/toolchain/avr8/avr8-gnu-toolchain/bin/../lib/gcc/avr/4.9.2/../../../../avr/lib/avrxmega7\libc.a(fputc.o)

.note.gnu.avr.deviceinfo
                0x00000000       0x40
 .note.gnu.avr.deviceinfo
                0x00000000       0x40 C:/Program Files (x86)/Atmel/Studio/7.0/Packs/atmel/XMEGAA_DFP/1.1.63/gcc/dev/atxmega128a4u/avrxmega7/crtatxmega128a4u.o

.note.gnu.build-id
 *(.note.gnu.build-id)

.debug
 *(.debug)

.line
 *(.line)

.debug_srcinfo
 *(.debug_srcinfo)

.debug_sfnames
 *(.debug_sfnames)

.debug_aranges  0x00000000      0x870
 *(.debug_aranges)
 .debug_aranges
                0x00000000       0xa0 CommandDecoder.o
 .debug_aranges
                0x000000a0       0x70 Graphics.o
 .debug_aranges
                0x00000110       0x60 LDC.o
 .debug_aranges
                0x00000170       0x68 main.o
 .debug_aranges
                0x000001d8       0x58 Menu.o
 .debug_aranges
                0x00000230       0xd0 Oven.o
 .debug_aranges
                0x00000300       0x30 Profiles.o
 .debug_aranges
                0x00000330       0x40 ReflowScreen.o
 .debug_aranges
                0x00000370       0x28 sp_driver.o
 .debug_aranges
                0x00000398       0x28 sp_drivers.o
 .debug_aranges
                0x000003c0      0x170 src/ASF/common/services/usb/class/cdc/device/udi_cdc.o
 .debug_aranges
                0x00000530       0x70 src/ASF/common/services/usb/udc/udc.o
 .debug_aranges
                0x000005a0      0x120 src/ASF/xmega/drivers/usb/usb_device.o
 .debug_aranges
                0x000006c0       0x38 TempSensor.o
 .debug_aranges
                0x000006f8       0x18 src/ASF/common/services/usb/class/cdc/device/udi_cdc_desc.o
 .debug_aranges
                0x00000710       0x18 src/ASF/common/services/sleepmgr/xmega/sleepmgr.o
 .debug_aranges
                0x00000728       0x40 src/ASF/common/services/clock/xmega/sysclk.o
 .debug_aranges
                0x00000768       0xc0 src/ASF/xmega/drivers/nvm/nvm.o
 .debug_aranges
                0x00000828       0x28 src/ASF/xmega/drivers/nvm/nvm_asm.o
 .debug_aranges
                0x00000850       0x20 src/ASF/xmega/drivers/cpu/ccp.o

.debug_pubnames
 *(.debug_pubnames)

.debug_info     0x00000000    0x10eb5
 *(.debug_info .gnu.linkonce.wi.*)
 .debug_info    0x00000000     0x284f C:/Program Files (x86)/Atmel/Studio/7.0/Packs/atmel/XMEGAA_DFP/1.1.63/gcc/dev/atxmega128a4u/avrxmega7/crtatxmega128a4u.o
 .debug_info    0x0000284f     0x18a4 CommandDecoder.o
 .debug_info    0x000040f3      0x734 Graphics.o
 .debug_info    0x00004827      0xb72 LDC.o
 .debug_info    0x00005399     0x1410 main.o
 .debug_info    0x000067a9      0xca8 Menu.o
 .debug_info    0x00007451     0x12e4 Oven.o
 .debug_info    0x00008735      0x37a Profiles.o
 .debug_info    0x00008aaf      0xa12 ReflowScreen.o
 .debug_info    0x000094c1      0x176 sp_driver.o
 .debug_info    0x00009637       0x7b sp_drivers.o
 .debug_info    0x000096b2     0x1a0b src/ASF/common/services/usb/class/cdc/device/udi_cdc.o
 .debug_info    0x0000b0bd     0x114c src/ASF/common/services/usb/udc/udc.o
 .debug_info    0x0000c209     0x1df1 src/ASF/xmega/drivers/usb/usb_device.o
 .debug_info    0x0000dffa      0x45e TempSensor.o
 .debug_info    0x0000e458      0x7bd src/ASF/common/services/usb/class/cdc/device/udi_cdc_desc.o
 .debug_info    0x0000ec15      0x121 src/ASF/common/services/sleepmgr/xmega/sleepmgr.o
 .debug_info    0x0000ed36      0xc8f src/ASF/common/services/clock/xmega/sysclk.o
 .debug_info    0x0000f9c5     0x13d0 src/ASF/xmega/drivers/nvm/nvm.o
 .debug_info    0x00010d95       0x90 src/ASF/xmega/drivers/nvm/nvm_asm.o
 .debug_info    0x00010e25       0x90 src/ASF/xmega/drivers/cpu/ccp.o

.debug_abbrev   0x00000000     0x53c6
 *(.debug_abbrev)
 .debug_abbrev  0x00000000     0x262c C:/Program Files (x86)/Atmel/Studio/7.0/Packs/atmel/XMEGAA_DFP/1.1.63/gcc/dev/atxmega128a4u/avrxmega7/crtatxmega128a4u.o
 .debug_abbrev  0x0000262c      0x36a CommandDecoder.o
 .debug_abbrev  0x00002996      0x195 Graphics.o
 .debug_abbrev  0x00002b2b      0x1f3 LDC.o
 .debug_abbrev  0x00002d1e      0x3c3 main.o
 .debug_abbrev  0x000030e1      0x25d Menu.o
 .debug_abbrev  0x0000333e      0x408 Oven.o
 .debug_abbrev  0x00003746      0x152 Profiles.o
 .debug_abbrev  0x00003898      0x2b3 ReflowScreen.o
 .debug_abbrev  0x00003b4b       0xe2 sp_driver.o
 .debug_abbrev  0x00003c2d       0x12 sp_drivers.o
 .debug_abbrev  0x00003c3f      0x3fa src/ASF/common/services/usb/class/cdc/device/udi_cdc.o
 .debug_abbrev  0x00004039      0x3c0 src/ASF/common/services/usb/udc/udc.o
 .debug_abbrev  0x000043f9      0x5c3 src/ASF/xmega/drivers/usb/usb_device.o
 .debug_abbrev  0x000049bc      0x1be TempSensor.o
 .debug_abbrev  0x00004b7a       0xfe src/ASF/common/services/usb/class/cdc/device/udi_cdc_desc.o
 .debug_abbrev  0x00004c78       0x80 src/ASF/common/services/sleepmgr/xmega/sleepmgr.o
 .debug_abbrev  0x00004cf8      0x2c3 src/ASF/common/services/clock/xmega/sysclk.o
 .debug_abbrev  0x00004fbb      0x3e5 src/ASF/xmega/drivers/nvm/nvm.o
 .debug_abbrev  0x000053a0       0x12 src/ASF/xmega/drivers/nvm/nvm_asm.o
 .debug_abbrev  0x000053b2       0x14 src/ASF/xmega/drivers/cpu/ccp.o

.debug_line     0x00000000     0xb076
 *(.debug_line .debug_line.* .debug_line_end)
 .debug_line    0x00000000      0x3b5 C:/Program Files (x86)/Atmel/Studio/7.0/Packs/atmel/XMEGAA_DFP/1.1.63/gcc/dev/atxmega128a4u/avrxmega7/crtatxmega128a4u.o
 .debug_line    0x000003b5     0x12bb CommandDecoder.o
 .debug_line    0x00001670      0x75a Graphics.o
 .debug_line    0x00001dca      0x4b7 LDC.o
 .debug_line    0x00002281      0xc28 main.o
 .debug_line    0x00002ea9      0xb3f Menu.o
 .debug_line    0x000039e8      0xf39 Oven.o
 .debug_line    0x00004921      0x880 Profiles.o
 .debug_line    0x000051a1      0x991 ReflowScreen.o
 .debug_line    0x00005b32      0x281 sp_driver.o
 .debug_line    0x00005db3      0x3b3 sp_drivers.o
 .debug_line    0x00006166      0xf76 src/ASF/common/services/usb/class/cdc/device/udi_cdc.o
 .debug_line    0x000070dc      0xa12 src/ASF/common/services/usb/udc/udc.o
 .debug_line    0x00007aee     0x14f0 src/ASF/xmega/drivers/usb/usb_device.o
 .debug_line    0x00008fde      0x3a0 TempSensor.o
 .debug_line    0x0000937e      0x4c7 src/ASF/common/services/usb/class/cdc/device/udi_cdc_desc.o
 .debug_line    0x00009845      0x456 src/ASF/common/services/sleepmgr/xmega/sleepmgr.o
 .debug_line    0x00009c9b      0x70b src/ASF/common/services/clock/xmega/sysclk.o
 .debug_line    0x0000a3a6      0xb43 src/ASF/xmega/drivers/nvm/nvm.o
 .debug_line    0x0000aee9      0x11f src/ASF/xmega/drivers/nvm/nvm_asm.o
 .debug_line    0x0000b008       0x6e src/ASF/xmega/drivers/cpu/ccp.o

.debug_frame    0x00000000     0x196c
 *(.debug_frame)
 .debug_frame   0x00000000      0x258 CommandDecoder.o
 .debug_frame   0x00000258      0x1a0 Graphics.o
 .debug_frame   0x000003f8       0xa4 LDC.o
 .debug_frame   0x0000049c      0x170 main.o
 .debug_frame   0x0000060c      0x100 Menu.o
 .debug_frame   0x0000070c      0x270 Oven.o
 .debug_frame   0x0000097c       0xac Profiles.o
 .debug_frame   0x00000a28      0x154 ReflowScreen.o
 .debug_frame   0x00000b7c       0x34 sp_driver.o
 .debug_frame   0x00000bb0      0x430 src/ASF/common/services/usb/class/cdc/device/udi_cdc.o
 .debug_frame   0x00000fe0      0x114 src/ASF/common/services/usb/udc/udc.o
 .debug_frame   0x000010f4      0x428 src/ASF/xmega/drivers/usb/usb_device.o
 .debug_frame   0x0000151c       0x64 TempSensor.o
 .debug_frame   0x00001580       0xa4 src/ASF/common/services/clock/xmega/sysclk.o
 .debug_frame   0x00001624      0x348 src/ASF/xmega/drivers/nvm/nvm.o

.debug_str      0x00000000    0x35f10
 *(.debug_str)
 .debug_str     0x00000000     0x1aa8 C:/Program Files (x86)/Atmel/Studio/7.0/Packs/atmel/XMEGAA_DFP/1.1.63/gcc/dev/atxmega128a4u/avrxmega7/crtatxmega128a4u.o
 .debug_str     0x00001aa8    0x2c57d CommandDecoder.o
                              0x2ccb7 (size before relaxing)
 .debug_str     0x0002e025      0x10d Graphics.o
                              0x2688e (size before relaxing)
 .debug_str     0x0002e132     0x1175 LDC.o
                              0x18f88 (size before relaxing)
 .debug_str     0x0002f2a7      0x978 main.o
                              0x2d3b6 (size before relaxing)
 .debug_str     0x0002fc1f       0x89 Menu.o
                              0x2c319 (size before relaxing)
 .debug_str     0x0002fca8      0x1ac Oven.o
                              0x2c6ae (size before relaxing)
 .debug_str     0x0002fe54       0x1b Profiles.o
                              0x2bf0b (size before relaxing)
 .debug_str     0x0002fe6f       0xf3 ReflowScreen.o
                              0x2c492 (size before relaxing)
 .debug_str     0x0002ff62       0x94 sp_driver.o
                              0x17461 (size before relaxing)
 .debug_str     0x0002fff6      0xdd7 src/ASF/common/services/usb/class/cdc/device/udi_cdc.o
                              0x2a8cf (size before relaxing)
 .debug_str     0x00030dcd      0xb3a src/ASF/common/services/usb/udc/udc.o
                              0x29051 (size before relaxing)
 .debug_str     0x00031907     0x3a44 src/ASF/xmega/drivers/usb/usb_device.o
                              0x2db5d (size before relaxing)
 .debug_str     0x0003534b       0xc7 TempSensor.o
                              0x17a90 (size before relaxing)
 .debug_str     0x00035412      0x231 src/ASF/common/services/usb/class/cdc/device/udi_cdc_desc.o
                              0x29ec0 (size before relaxing)
 .debug_str     0x00035643       0x35 src/ASF/common/services/sleepmgr/xmega/sleepmgr.o
                              0x2608a (size before relaxing)
 .debug_str     0x00035678      0x393 src/ASF/common/services/clock/xmega/sysclk.o
                              0x27a1e (size before relaxing)
 .debug_str     0x00035a0b      0x505 src/ASF/xmega/drivers/nvm/nvm.o
                              0x268a4 (size before relaxing)

.debug_loc      0x00000000     0x6dc9
 *(.debug_loc)
 .debug_loc     0x00000000      0x915 CommandDecoder.o
 .debug_loc     0x00000915      0xc8a Graphics.o
 .debug_loc     0x0000159f       0x6b LDC.o
 .debug_loc     0x0000160a      0x29b main.o
 .debug_loc     0x000018a5      0x323 Menu.o
 .debug_loc     0x00001bc8      0x7a7 Oven.o
 .debug_loc     0x0000236f      0x368 Profiles.o
 .debug_loc     0x000026d7      0x6c3 ReflowScreen.o
 .debug_loc     0x00002d9a       0xc2 sp_driver.o
 .debug_loc     0x00002e5c     0x124c src/ASF/common/services/usb/class/cdc/device/udi_cdc.o
 .debug_loc     0x000040a8      0x4eb src/ASF/common/services/usb/udc/udc.o
 .debug_loc     0x00004593     0x1289 src/ASF/xmega/drivers/usb/usb_device.o
 .debug_loc     0x0000581c       0x99 TempSensor.o
 .debug_loc     0x000058b5      0x325 src/ASF/common/services/clock/xmega/sysclk.o
 .debug_loc     0x00005bda     0x11ef src/ASF/xmega/drivers/nvm/nvm.o

.debug_macinfo
 *(.debug_macinfo)

.debug_weaknames
 *(.debug_weaknames)

.debug_funcnames
 *(.debug_funcnames)

.debug_typenames
 *(.debug_typenames)

.debug_varnames
 *(.debug_varnames)

.debug_pubtypes
 *(.debug_pubtypes)

.debug_ranges   0x00000000      0x848
 *(.debug_ranges)
 .debug_ranges  0x00000000       0xc0 CommandDecoder.o
 .debug_ranges  0x000000c0       0x60 Graphics.o
 .debug_ranges  0x00000120       0x50 LDC.o
 .debug_ranges  0x00000170       0x58 main.o
 .debug_ranges  0x000001c8       0x60 Menu.o
 .debug_ranges  0x00000228      0x108 Oven.o
 .debug_ranges  0x00000330       0x38 Profiles.o
 .debug_ranges  0x00000368       0x30 ReflowScreen.o
 .debug_ranges  0x00000398       0x18 sp_driver.o
 .debug_ranges  0x000003b0       0x20 sp_drivers.o
 .debug_ranges  0x000003d0      0x160 src/ASF/common/services/usb/class/cdc/device/udi_cdc.o
 .debug_ranges  0x00000530       0xb0 src/ASF/common/services/usb/udc/udc.o
 .debug_ranges  0x000005e0      0x140 src/ASF/xmega/drivers/usb/usb_device.o
 .debug_ranges  0x00000720       0x28 TempSensor.o
 .debug_ranges  0x00000748       0x30 src/ASF/common/services/clock/xmega/sysclk.o
 .debug_ranges  0x00000778       0xb0 src/ASF/xmega/drivers/nvm/nvm.o
 .debug_ranges  0x00000828       0x20 src/ASF/xmega/drivers/nvm/nvm_asm.o

.debug_macro    0x00000000     0xc77c
 *(.debug_macro)
 .debug_macro   0x00000000      0x357 CommandDecoder.o
 .debug_macro   0x00000357      0xa90 CommandDecoder.o
 .debug_macro   0x00000de7      0x1c9 CommandDecoder.o
 .debug_macro   0x00000fb0      0x2fc CommandDecoder.o
 .debug_macro   0x000012ac       0x58 CommandDecoder.o
 .debug_macro   0x00001304       0x10 CommandDecoder.o
 .debug_macro   0x00001314       0x97 CommandDecoder.o
 .debug_macro   0x000013ab       0xf2 CommandDecoder.o
 .debug_macro   0x0000149d       0x16 CommandDecoder.o
 .debug_macro   0x000014b3       0x20 CommandDecoder.o
 .debug_macro   0x000014d3       0x16 CommandDecoder.o
 .debug_macro   0x000014e9       0xaa CommandDecoder.o
 .debug_macro   0x00001593     0x5964 CommandDecoder.o
 .debug_macro   0x00006ef7       0x9a CommandDecoder.o
 .debug_macro   0x00006f91       0xf1 CommandDecoder.o
 .debug_macro   0x00007082       0x34 CommandDecoder.o
 .debug_macro   0x000070b6       0x10 CommandDecoder.o
 .debug_macro   0x000070c6       0x18 CommandDecoder.o
 .debug_macro   0x000070de       0x5e CommandDecoder.o
 .debug_macro   0x0000713c       0x10 CommandDecoder.o
 .debug_macro   0x0000714c       0x22 CommandDecoder.o
 .debug_macro   0x0000716e       0xef CommandDecoder.o
 .debug_macro   0x0000725d       0x1c CommandDecoder.o
 .debug_macro   0x00007279       0x35 CommandDecoder.o
 .debug_macro   0x000072ae       0x5a CommandDecoder.o
 .debug_macro   0x00007308      0x652 CommandDecoder.o
 .debug_macro   0x0000795a       0x97 CommandDecoder.o
 .debug_macro   0x000079f1       0x17 CommandDecoder.o
 .debug_macro   0x00007a08      0x250 CommandDecoder.o
 .debug_macro   0x00007c58       0x76 CommandDecoder.o
 .debug_macro   0x00007cce       0x16 CommandDecoder.o
 .debug_macro   0x00007ce4      0x6e3 CommandDecoder.o
 .debug_macro   0x000083c7       0x10 CommandDecoder.o
 .debug_macro   0x000083d7      0x175 CommandDecoder.o
 .debug_macro   0x0000854c       0x40 CommandDecoder.o
 .debug_macro   0x0000858c       0x69 CommandDecoder.o
 .debug_macro   0x000085f5       0x32 CommandDecoder.o
 .debug_macro   0x00008627       0xe4 CommandDecoder.o
 .debug_macro   0x0000870b       0x20 CommandDecoder.o
 .debug_macro   0x0000872b      0x130 CommandDecoder.o
 .debug_macro   0x0000885b      0x148 CommandDecoder.o
 .debug_macro   0x000089a3       0x40 CommandDecoder.o
 .debug_macro   0x000089e3       0x34 CommandDecoder.o
 .debug_macro   0x00008a17      0x2bf CommandDecoder.o
 .debug_macro   0x00008cd6       0x42 CommandDecoder.o
 .debug_macro   0x00008d18       0x10 CommandDecoder.o
 .debug_macro   0x00008d28       0x40 CommandDecoder.o
 .debug_macro   0x00008d68       0x68 CommandDecoder.o
 .debug_macro   0x00008dd0       0x2f CommandDecoder.o
 .debug_macro   0x00008dff      0x154 CommandDecoder.o
 .debug_macro   0x00008f53      0x228 CommandDecoder.o
 .debug_macro   0x0000917b       0xb5 CommandDecoder.o
 .debug_macro   0x00009230       0xf0 CommandDecoder.o
 .debug_macro   0x00009320      0x24b CommandDecoder.o
 .debug_macro   0x0000956b      0x162 CommandDecoder.o
 .debug_macro   0x000096cd       0x16 CommandDecoder.o
 .debug_macro   0x000096e3       0x1c CommandDecoder.o
 .debug_macro   0x000096ff      0x192 CommandDecoder.o
 .debug_macro   0x00009891      0x106 CommandDecoder.o
 .debug_macro   0x00009997      0x1e8 Graphics.o
 .debug_macro   0x00009b7f       0x10 Graphics.o
 .debug_macro   0x00009b8f       0x9e Graphics.o
 .debug_macro   0x00009c2d      0x100 Graphics.o
 .debug_macro   0x00009d2d       0xe2 LDC.o
 .debug_macro   0x00009e0f       0x10 LDC.o
 .debug_macro   0x00009e1f      0x166 LDC.o
 .debug_macro   0x00009f85      0x35e main.o
 .debug_macro   0x0000a2e3      0x166 main.o
 .debug_macro   0x0000a449       0x66 main.o
 .debug_macro   0x0000a4af       0x26 main.o
 .debug_macro   0x0000a4d5       0x10 main.o
 .debug_macro   0x0000a4e5       0x22 main.o
 .debug_macro   0x0000a507       0x10 main.o
 .debug_macro   0x0000a517      0x347 Menu.o
 .debug_macro   0x0000a85e      0x341 Oven.o
 .debug_macro   0x0000ab9f      0x32b Profiles.o
 .debug_macro   0x0000aeca      0x359 ReflowScreen.o
 .debug_macro   0x0000b223       0xaa sp_driver.o
 .debug_macro   0x0000b2cd       0x16 sp_driver.o
 .debug_macro   0x0000b2e3      0x299 src/ASF/common/services/usb/class/cdc/device/udi_cdc.o
 .debug_macro   0x0000b57c       0xaf src/ASF/common/services/usb/class/cdc/device/udi_cdc.o
 .debug_macro   0x0000b62b      0x1f6 src/ASF/common/services/usb/udc/udc.o
 .debug_macro   0x0000b821      0x2ca src/ASF/xmega/drivers/usb/usb_device.o
 .debug_macro   0x0000baeb      0x46a src/ASF/xmega/drivers/usb/usb_device.o
 .debug_macro   0x0000bf55       0xc2 TempSensor.o
 .debug_macro   0x0000c017       0x3a TempSensor.o
 .debug_macro   0x0000c051      0x20a src/ASF/common/services/usb/class/cdc/device/udi_cdc_desc.o
 .debug_macro   0x0000c25b      0x1a3 src/ASF/common/services/sleepmgr/xmega/sleepmgr.o
 .debug_macro   0x0000c3fe      0x1e6 src/ASF/common/services/clock/xmega/sysclk.o
 .debug_macro   0x0000c5e4      0x198 src/ASF/xmega/drivers/nvm/nvm.o
OUTPUT(DIYReflowOvenV1.elf elf32-avr)
LOAD linker stubs

.BOOT           0x00020000       0x42
 .BOOT          0x00020000       0x42 sp_drivers.o
                0x00020000                SP_LoadFlashWord
                0x00020008                SP_LoadFlashPage
