Archive member included to satisfy reference by file (symbol)

c:/program files (x86)/atmel/studio/7.0/toolchain/avr8/avr8-gnu-toolchain/bin/../lib/gcc/avr/4.9.2/avrxmega7\libgcc.a(_udivmodhi4.o)
                              src/ASF/xmega/drivers/usb/usb_device.o (__udivmodhi4)
c:/program files (x86)/atmel/studio/7.0/toolchain/avr8/avr8-gnu-toolchain/bin/../lib/gcc/avr/4.9.2/avrxmega7\libgcc.a(_exit.o)
                              C:/Program Files (x86)/Atmel/Studio/7.0/Packs/atmel/XMEGAA_DFP/1.1.63/gcc/dev/atxmega128a4u/avrxmega7/crtatxmega128a4u.o (exit)
c:/program files (x86)/atmel/studio/7.0/toolchain/avr8/avr8-gnu-toolchain/bin/../lib/gcc/avr/4.9.2/avrxmega7\libgcc.a(_tablejump2.o)
                              src/ASF/xmega/drivers/usb/usb_device.o (__tablejump2__)
c:/program files (x86)/atmel/studio/7.0/toolchain/avr8/avr8-gnu-toolchain/bin/../lib/gcc/avr/4.9.2/avrxmega7\libgcc.a(_copy_data.o)
                              main.o (__do_copy_data)
c:/program files (x86)/atmel/studio/7.0/toolchain/avr8/avr8-gnu-toolchain/bin/../lib/gcc/avr/4.9.2/avrxmega7\libgcc.a(_clear_bss.o)
                              src/ASF/common/services/usb/class/cdc/device/udi_cdc.o (__do_clear_bss)
c:/program files (x86)/atmel/studio/7.0/toolchain/avr8/avr8-gnu-toolchain/bin/../lib/gcc/avr/4.9.2/../../../../avr/lib/avrxmega7\libc.a(memcpy.o)
                              src/ASF/common/services/usb/class/cdc/device/udi_cdc.o (memcpy)
c:/program files (x86)/atmel/studio/7.0/toolchain/avr8/avr8-gnu-toolchain/bin/../lib/gcc/avr/4.9.2/../../../../avr/lib/avrxmega7\libc.a(iob.o)
                              main.o (__iob)

Allocating common symbols
Common symbol       size              file

udd_g_ctrlreq       0x10              src/ASF/xmega/drivers/usb/usb_device.o
sleepmgr_locks      0x6               src/ASF/common/services/sleepmgr/xmega/sleepmgr.o
__iob               0x6               c:/program files (x86)/atmel/studio/7.0/toolchain/avr8/avr8-gnu-toolchain/bin/../lib/gcc/avr/4.9.2/../../../../avr/lib/avrxmega7\libc.a(iob.o)

Discarded input sections

 .data          0x00000000        0x0 C:/Program Files (x86)/Atmel/Studio/7.0/Packs/atmel/XMEGAA_DFP/1.1.63/gcc/dev/atxmega128a4u/avrxmega7/crtatxmega128a4u.o
 .bss           0x00000000        0x0 C:/Program Files (x86)/Atmel/Studio/7.0/Packs/atmel/XMEGAA_DFP/1.1.63/gcc/dev/atxmega128a4u/avrxmega7/crtatxmega128a4u.o
 .group         0x00000000        0x8 main.o
 .group         0x00000000        0x8 main.o
 .group         0x00000000        0x8 main.o
 .group         0x00000000        0x8 main.o
 .group         0x00000000        0x8 main.o
 .group         0x00000000        0x8 main.o
 .group         0x00000000        0x8 main.o
 .group         0x00000000        0x8 main.o
 .group         0x00000000        0x8 main.o
 .group         0x00000000        0x8 main.o
 .group         0x00000000        0x8 main.o
 .group         0x00000000        0x8 main.o
 .group         0x00000000        0x8 main.o
 .group         0x00000000        0x8 main.o
 .group         0x00000000        0x8 main.o
 .group         0x00000000        0x8 main.o
 .group         0x00000000        0x8 main.o
 .group         0x00000000        0x8 main.o
 .group         0x00000000        0x8 main.o
 .group         0x00000000        0x8 main.o
 .group         0x00000000        0x8 main.o
 .group         0x00000000        0x8 main.o
 .group         0x00000000        0x8 main.o
 .group         0x00000000        0x8 main.o
 .group         0x00000000        0x8 main.o
 .group         0x00000000        0x8 main.o
 .group         0x00000000        0x8 main.o
 .group         0x00000000        0x8 main.o
 .group         0x00000000        0x8 main.o
 .group         0x00000000        0x8 main.o
 .group         0x00000000        0x8 main.o
 .group         0x00000000        0x8 main.o
 .group         0x00000000        0x8 main.o
 .group         0x00000000        0x8 main.o
 .group         0x00000000        0x8 main.o
 .group         0x00000000        0x8 main.o
 .group         0x00000000        0x8 main.o
 .group         0x00000000        0x8 main.o
 .group         0x00000000        0x8 main.o
 .group         0x00000000        0x8 main.o
 .group         0x00000000        0x8 main.o
 .group         0x00000000        0x8 main.o
 .group         0x00000000        0x8 main.o
 .group         0x00000000        0x8 main.o
 .group         0x00000000        0x8 main.o
 .group         0x00000000        0x8 main.o
 .group         0x00000000        0x8 main.o
 .group         0x00000000        0x8 main.o
 .group         0x00000000        0x8 main.o
 .group         0x00000000        0x8 main.o
 .group         0x00000000        0x8 main.o
 .text          0x00000000        0x0 main.o
 .data          0x00000000        0x0 main.o
 .bss           0x00000000        0x0 main.o
 .text.initSPI  0x00000000        0x8 main.o
 .text.sendSPIDummy
                0x00000000        0x8 main.o
[...]
Memory Configuration

Name             Origin             Length             Attributes
text             0x00000000         0x00100000         xr
data             0x00802000         0x0000ffa0         rw !x
eeprom           0x00810000         0x00010000         rw !x
fuse             0x00820000         0x00000006         rw !x
lock             0x00830000         0x00000400         rw !x
signature        0x00840000         0x00000400         rw !x
user_signatures  0x00850000         0x00000400         rw !x
*default*        0x00000000         0xffffffff

Linker script and memory map

LOAD C:/Program Files (x86)/Atmel/Studio/7.0/Packs/atmel/XMEGAA_DFP/1.1.63/gcc/dev/atxmega128a4u/avrxmega7/crtatxmega128a4u.o
LOAD main.o
LOAD src/ASF/common/services/usb/class/cdc/device/udi_cdc.o
LOAD src/ASF/common/services/usb/udc/udc.o
LOAD src/ASF/xmega/drivers/usb/usb_device.o
LOAD src/ASF/common/services/usb/class/cdc/device/udi_cdc_desc.o
LOAD src/ASF/common/services/sleepmgr/xmega/sleepmgr.o
LOAD src/ASF/common/services/clock/xmega/sysclk.o
LOAD src/ASF/xmega/drivers/nvm/nvm.o
LOAD src/ASF/xmega/drivers/nvm/nvm_asm.o
LOAD src/ASF/xmega/drivers/cpu/ccp.o
LOAD src/ASF/common/boards/user_board/init.o
START GROUP
LOAD c:/program files (x86)/atmel/studio/7.0/toolchain/avr8/avr8-gnu-toolchain/bin/../lib/gcc/avr/4.9.2/../../../../avr/lib/avrxmega7\libm.a
END GROUP
Address of section .BOOT set to 0x20000
START GROUP
LOAD c:/program files (x86)/atmel/studio/7.0/toolchain/avr8/avr8-gnu-toolchain/bin/../lib/gcc/avr/4.9.2/avrxmega7\libgcc.a
LOAD c:/program files (x86)/atmel/studio/7.0/toolchain/avr8/avr8-gnu-toolchain/bin/../lib/gcc/avr/4.9.2/../../../../avr/lib/avrxmega7\libm.a
LOAD c:/program files (x86)/atmel/studio/7.0/toolchain/avr8/avr8-gnu-toolchain/bin/../lib/gcc/avr/4.9.2/../../../../avr/lib/avrxmega7\libc.a
LOAD C:/Program Files (x86)/Atmel/Studio/7.0/Packs/atmel/XMEGAA_DFP/1.1.63/gcc/dev/atxmega128a4u/avrxmega7\libatxmega128a4u.a
END GROUP
                0x00100000                __TEXT_REGION_LENGTH__ = DEFINED (__TEXT_REGION_LENGTH__)?__TEXT_REGION_LENGTH__:0x100000
                0x0000ffa0                __DATA_REGION_LENGTH__ = DEFINED (__DATA_REGION_LENGTH__)?__DATA_REGION_LENGTH__:0xffa0
                0x00010000                __EEPROM_REGION_LENGTH__ = DEFINED (__EEPROM_REGION_LENGTH__)?__EEPROM_REGION_LENGTH__:0x10000
                [0x00000006]                __FUSE_REGION_LENGTH__ = DEFINED (__FUSE_REGION_LENGTH__)?__FUSE_REGION_LENGTH__:0x400
                0x00000400                __LOCK_REGION_LENGTH__ = DEFINED (__LOCK_REGION_LENGTH__)?__LOCK_REGION_LENGTH__:0x400
                0x00000400                __SIGNATURE_REGION_LENGTH__ = DEFINED (__SIGNATURE_REGION_LENGTH__)?__SIGNATURE_REGION_LENGTH__:0x400
                0x00000400                __USER_SIGNATURE_REGION_LENGTH__ = DEFINED (__USER_SIGNATURE_REGION_LENGTH__)?__USER_SIGNATURE_REGION_LENGTH__:0x400

.hash
 *(.hash)

.dynsym
 *(.dynsym)

.dynstr
 *(.dynstr)

.gnu.version
 *(.gnu.version)

.gnu.version_d
 *(.gnu.version_d)

.gnu.version_r
 *(.gnu.version_r)

.rel.init
 *(.rel.init)

.rela.init
 *(.rela.init)

.rel.text
 *(.rel.text)
 *(.rel.text.*)
 *(.rel.gnu.linkonce.t*)

.rela.text
 *(.rela.text)
 *(.rela.text.*)
 *(.rela.gnu.linkonce.t*)

.rel.fini
 *(.rel.fini)

.rela.fini
 *(.rela.fini)

.rel.rodata
 *(.rel.rodata)
 *(.rel.rodata.*)
 *(.rel.gnu.linkonce.r*)

.rela.rodata
 *(.rela.rodata)
 *(.rela.rodata.*)
 *(.rela.gnu.linkonce.r*)

.rel.data
 *(.rel.data)
 *(.rel.data.*)
 *(.rel.gnu.linkonce.d*)

.rela.data
 *(.rela.data)
 *(.rela.data.*)
 *(.rela.gnu.linkonce.d*)

.rel.ctors
 *(.rel.ctors)

.rela.ctors
 *(.rela.ctors)

.rel.dtors
 *(.rel.dtors)

.rela.dtors
 *(.rela.dtors)

.rel.got
 *(.rel.got)

.rela.got
 *(.rela.got)

.rel.bss
 *(.rel.bss)

.rela.bss
 *(.rela.bss)

.rel.plt
 *(.rel.plt)

.rela.plt
 *(.rela.plt)

.text           0x00000000     0x219c
 *(.vectors)
 .vectors       0x00000000      0x1fc C:/Program Files (x86)/Atmel/Studio/7.0/Packs/atmel/XMEGAA_DFP/1.1.63/gcc/dev/atxmega128a4u/avrxmega7/crtatxmega128a4u.o
                0x00000000                __vector_default
                0x00000000                __vectors
 *(.vectors)
 *(.progmem.gcc*)
 .progmem.gcc_sw_table.udd_ep_get_size
                0x000001fc        0xe src/ASF/xmega/drivers/usb/usb_device.o
                0x0000020a                . = ALIGN (0x2)
                0x0000020a                __trampolines_start = .
 *(.trampolines)
 .trampolines   0x0000020a        0x0 linker stubs
 *(.trampolines*)
                0x0000020a                __trampolines_end = .
 *libprintf_flt.a:*(.progmem.data)
 *libc.a:*(.progmem.data)
 *(.progmem*)
                0x0000020a                . = ALIGN (0x2)
 *(.jumptables)
 *(.jumptables*)
 *(.lowtext)
 *(.lowtext*)
                0x0000020a                __ctors_start = .
 *(.ctors)
                0x0000020a                __ctors_end = .
                0x0000020a                __dtors_start = .
 *(.dtors)
                0x0000020a                __dtors_end = .
 SORT(*)(.ctors)
 SORT(*)(.dtors)
 *(.init0)
 .init0         0x0000020a        0x0 C:/Program Files (x86)/Atmel/Studio/7.0/Packs/atmel/XMEGAA_DFP/1.1.63/gcc/dev/atxmega128a4u/avrxmega7/crtatxmega128a4u.o
                0x0000020a                __init
 *(.init0)
 *(.init1)
 *(.init1)
 *(.init2)
 .init2         0x0000020a       0x18 C:/Program Files (x86)/Atmel/Studio/7.0/Packs/atmel/XMEGAA_DFP/1.1.63/gcc/dev/atxmega128a4u/avrxmega7/crtatxmega128a4u.o
 *(.init2)
 *(.init3)
 *(.init3)
 *(.init4)
 .init4         0x00000222       0x1c c:/program files (x86)/atmel/studio/7.0/toolchain/avr8/avr8-gnu-toolchain/bin/../lib/gcc/avr/4.9.2/avrxmega7\libgcc.a(_copy_data.o)
                0x00000222                __do_copy_data
 .init4         0x0000023e       0x10 c:/program files (x86)/atmel/studio/7.0/toolchain/avr8/avr8-gnu-toolchain/bin/../lib/gcc/avr/4.9.2/avrxmega7\libgcc.a(_clear_bss.o)
                0x0000023e                __do_clear_bss
 *(.init4)
 *(.init5)
 *(.init5)
 *(.init6)
 *(.init6)
 *(.init7)
 *(.init7)
 *(.init8)
 *(.init8)
 *(.init9)
 .init9         0x0000024e        0x6 C:/Program Files (x86)/Atmel/Studio/7.0/Packs/atmel/XMEGAA_DFP/1.1.63/gcc/dev/atxmega128a4u/avrxmega7/crtatxmega128a4u.o
 *(.init9)
 *(.text)
 .text          0x00000254        0x2 C:/Program Files (x86)/Atmel/Studio/7.0/Packs/atmel/XMEGAA_DFP/1.1.63/gcc/dev/atxmega128a4u/avrxmega7/crtatxmega128a4u.o
                0x00000254                __vector_38
                0x00000254                __vector_104
                0x00000254                __vector_22
                0x00000254                __vector_63
                0x00000254                __vector_28
                0x00000254                __vector_67
                0x00000254                __vector_1
                0x00000254                __vector_119
                0x00000254                __vector_32
                0x00000254                __vector_75
                0x00000254                __vector_71
                0x00000254                __vector_91
                0x00000254                __vector_34
                0x00000254                __vector_62
                0x00000254                __vector_77
                0x00000254                __vector_102
                0x00000254                __vector_24
                0x00000254                __vector_12
                0x00000254                __vector_55
                0x00000254                __vector_69
                0x00000254                __vector_81
                0x00000254                __vector_90
                0x00000254                __vector_46
                0x00000254                __bad_interrupt
                0x00000254                __vector_122
                0x00000254                __vector_72
                0x00000254                __vector_114
                0x00000254                __vector_6
                0x00000254                __vector_110
                0x00000254                __vector_31
                0x00000254                __vector_92
                0x00000254                __vector_35
                0x00000254                __vector_78
                0x00000254                __vector_74
                0x00000254                __vector_117
                0x00000254                __vector_39
                0x00000254                __vector_107
                0x00000254                __vector_3
                0x00000254                __vector_105
                0x00000254                __vector_98
                0x00000254                __vector_23
                0x00000254                __vector_68
                0x00000254                __vector_30
                0x00000254                __vector_73
                0x00000254                __vector_45
                0x00000254                __vector_25
                0x00000254                __vector_93
                0x00000254                __vector_61
                0x00000254                __vector_11
                0x00000254                __vector_54
                0x00000254                __vector_99
                0x00000254                __vector_13
                0x00000254                __vector_17
                0x00000254                __vector_19
                0x00000254                __vector_56
                0x00000254                __vector_7
                0x00000254                __vector_49
                0x00000254                __vector_123
                0x00000254                __vector_41
                0x00000254                __vector_86
                0x00000254                __vector_100
                0x00000254                __vector_101
                0x00000254                __vector_64
                0x00000254                __vector_88
                0x00000254                __vector_109
                0x00000254                __vector_43
                0x00000254                __vector_27
                0x00000254                __vector_5
                0x00000254                __vector_113
                0x00000254                __vector_33
                0x00000254                __vector_76
                0x00000254                __vector_115
                0x00000254                __vector_47
                0x00000254                __vector_52
                0x00000254                __vector_37
                0x00000254                __vector_95
                0x00000254                __vector_103
                0x00000254                __vector_96
                0x00000254                __vector_89
                0x00000254                __vector_108
                0x00000254                __vector_4
                0x00000254                __vector_44
                0x00000254                __vector_82
                0x00000254                __vector_106
                0x00000254                __vector_118
                0x00000254                __vector_51
                0x00000254                __vector_9
                0x00000254                __vector_2
                0x00000254                __vector_21
                0x00000254                __vector_15
                0x00000254                __vector_66
                0x00000254                __vector_36
                0x00000254                __vector_79
                0x00000254                __vector_58
                0x00000254                __vector_70
                0x00000254                __vector_83
                0x00000254                __vector_29
                0x00000254                __vector_60
                0x00000254                __vector_121
                0x00000254                __vector_40
                0x00000254                __vector_85
                0x00000254                __vector_94
                0x00000254                __vector_8
                0x00000254                __vector_26
                0x00000254                __vector_48
                0x00000254                __vector_124
                0x00000254                __vector_116
                0x00000254                __vector_112
                0x00000254                __vector_111
                0x00000254                __vector_80
                0x00000254                __vector_14
                0x00000254                __vector_84
                0x00000254                __vector_57
                0x00000254                __vector_53
                0x00000254                __vector_10
                0x00000254                __vector_50
                0x00000254                __vector_16
                0x00000254                __vector_59
                0x00000254                __vector_18
                0x00000254                __vector_97
                0x00000254                __vector_20
                0x00000254                __vector_42
                0x00000254                __vector_87
                0x00000254                __vector_65
                0x00000254                __vector_120
                0x00000256                . = ALIGN (0x2)
 *(.text.*)
 .text.uart_putchar
                0x00000256        0x6 main.o
                0x00000256                uart_putchar
 .text.sendSPI  0x0000025c        0xc main.o
                0x0000025c                sendSPI
 .text.my_callback_cdc_enable
                0x00000268        0x4 main.o
                0x00000268                my_callback_cdc_enable
 .text.my_callback_cdc_disable
                0x0000026c        0x2 main.o
                0x0000026c                my_callback_cdc_disable
 .text.my_callback_rx_notify
                0x0000026e       0x16 main.o
                0x0000026e                my_callback_rx_notify
 .text.my_callback_tx_empty_notify
                0x00000284        0x2 main.o
                0x00000284                my_callback_tx_empty_notify
 .text.main     0x00000286       0x24 main.o
                0x00000286                main
 .text.udi_cdc_comm_disable
                0x000002aa        0xc src/ASF/common/services/usb/class/cdc/device/udi_cdc.o
                0x000002aa                udi_cdc_comm_disable
 .text.udi_cdc_data_setup
                0x000002b6        0x4 src/ASF/common/services/usb/class/cdc/device/udi_cdc.o
                0x000002b6                udi_cdc_data_setup
 .text.udi_cdc_getsetting
                0x000002ba        0x4 src/ASF/common/services/usb/class/cdc/device/udi_cdc.o
                0x000002ba                udi_cdc_getsetting
 .text.udi_cdc_comm_setup
                0x000002be       0x94 src/ASF/common/services/usb/class/cdc/device/udi_cdc.o
                0x000002be                udi_cdc_comm_setup
 .text.udi_cdc_line_coding_received
                0x00000352        0x2 src/ASF/common/services/usb/class/cdc/device/udi_cdc.o
 .text.udi_cdc_comm_enable
                0x00000354       0x5a src/ASF/common/services/usb/class/cdc/device/udi_cdc.o
                0x00000354                udi_cdc_comm_enable
 .text.udi_cdc_tx_send
                0x000003ae      0x162 src/ASF/common/services/usb/class/cdc/device/udi_cdc.o
 .text.udi_cdc_data_sof_notify
                0x00000510        0x6 src/ASF/common/services/usb/class/cdc/device/udi_cdc.o
                0x00000510                udi_cdc_data_sof_notify
 .text.udi_cdc_data_sent
                0x00000516       0x38 src/ASF/common/services/usb/class/cdc/device/udi_cdc.o
 .text.udi_cdc_data_disable
                0x0000054e       0x16 src/ASF/common/services/usb/class/cdc/device/udi_cdc.o
                0x0000054e                udi_cdc_data_disable
 .text.udi_cdc_multi_get_nb_received_data
                0x00000564       0x3a src/ASF/common/services/usb/class/cdc/device/udi_cdc.o
                0x00000564                udi_cdc_multi_get_nb_received_data
 .text.udi_cdc_multi_is_rx_ready
                0x0000059e        0xe src/ASF/common/services/usb/class/cdc/device/udi_cdc.o
                0x0000059e                udi_cdc_multi_is_rx_ready
 .text.udi_cdc_rx_start
                0x000005ac       0xa2 src/ASF/common/services/usb/class/cdc/device/udi_cdc.o
 .text.udi_cdc_data_enable
                0x0000064e       0x64 src/ASF/common/services/usb/class/cdc/device/udi_cdc.o
                0x0000064e                udi_cdc_data_enable
 .text.udi_cdc_data_received
                0x000006b2       0x60 src/ASF/common/services/usb/class/cdc/device/udi_cdc.o
 .text.udi_cdc_multi_getc
                0x00000712       0xa8 src/ASF/common/services/usb/class/cdc/device/udi_cdc.o
                0x00000712                udi_cdc_multi_getc
 .text.udi_cdc_getc
                0x000007ba        0x6 src/ASF/common/services/usb/class/cdc/device/udi_cdc.o
                0x000007ba                udi_cdc_getc
 .text.udi_cdc_multi_get_free_tx_buffer
                0x000007c0       0x60 src/ASF/common/services/usb/class/cdc/device/udi_cdc.o
                0x000007c0                udi_cdc_multi_get_free_tx_buffer
 .text.udi_cdc_multi_is_tx_ready
                0x00000820        0xe src/ASF/common/services/usb/class/cdc/device/udi_cdc.o
                0x00000820                udi_cdc_multi_is_tx_ready
 .text.udi_cdc_multi_putc
                0x0000082e       0x9e src/ASF/common/services/usb/class/cdc/device/udi_cdc.o
                0x0000082e                udi_cdc_multi_putc
 .text.udi_cdc_putc
                0x000008cc        0x8 src/ASF/common/services/usb/class/cdc/device/udi_cdc.o
                0x000008cc                udi_cdc_putc
 .text.udc_next_desc_in_iface
                0x000008d4       0x64 src/ASF/common/services/usb/udc/udc.o
 .text.udc_valid_address
                0x00000938        0xa src/ASF/common/services/usb/udc/udc.o
 .text.udc_update_iface_desc
                0x00000942       0x74 src/ASF/common/services/usb/udc/udc.o
 .text.udc_iface_disable
                0x000009b6       0x84 src/ASF/common/services/usb/udc/udc.o
 .text.udc_iface_enable
                0x00000a3a       0x64 src/ASF/common/services/usb/udc/udc.o
 .text.udc_start
                0x00000a9e        0x4 src/ASF/common/services/usb/udc/udc.o
                0x00000a9e                udc_start
 .text.udc_reset
                0x00000aa2       0x4e src/ASF/common/services/usb/udc/udc.o
                0x00000aa2                udc_reset
 .text.udc_sof_notify
                0x00000af0       0x60 src/ASF/common/services/usb/udc/udc.o
                0x00000af0                udc_sof_notify
 .text.udc_process_setup
                0x00000b50      0x504 src/ASF/common/services/usb/udc/udc.o
                0x00000b50                udc_process_setup
 .text.udd_sleep_mode
                0x00001054       0x70 src/ASF/xmega/drivers/usb/usb_device.o
 .text.udd_ctrl_init
                0x000010c4       0x4a src/ASF/xmega/drivers/usb/usb_device.o
 .text.udd_ctrl_stall_data
                0x0000110e       0x1c src/ASF/xmega/drivers/usb/usb_device.o
 .text.udd_ctrl_send_zlp_in
                0x0000112a       0x1c src/ASF/xmega/drivers/usb/usb_device.o
 .text.udd_ctrl_endofrequest
                0x00001146       0x10 src/ASF/xmega/drivers/usb/usb_device.o
 .text.udd_ctrl_in_sent
                0x00001156       0xd8 src/ASF/xmega/drivers/usb/usb_device.o
 .text.udd_ep_get_size
                0x0000122e       0x50 src/ASF/xmega/drivers/usb/usb_device.o
 .text.udd_ep_get_job
                0x0000127e       0x36 src/ASF/xmega/drivers/usb/usb_device.o
 .text.udd_ctrl_interrupt_tc_setup
                0x000012b4       0xe2 src/ASF/xmega/drivers/usb/usb_device.o
 .text.udd_ep_trans_complet
                0x00001396      0x2fa src/ASF/xmega/drivers/usb/usb_device.o
 .text.udd_attach
                0x00001690       0x5a src/ASF/xmega/drivers/usb/usb_device.o
                0x00001690                udd_attach
 .text.udd_enable
                0x000016ea      0x104 src/ASF/xmega/drivers/usb/usb_device.o
                0x000016ea                udd_enable
 .text.udd_is_high_speed
                0x000017ee        0x4 src/ASF/xmega/drivers/usb/usb_device.o
                0x000017ee                udd_is_high_speed
 .text.udd_set_address
                0x000017f2        0x6 src/ASF/xmega/drivers/usb/usb_device.o
                0x000017f2                udd_set_address
 .text.udd_getaddress
                0x000017f8        0x6 src/ASF/xmega/drivers/usb/usb_device.o
                0x000017f8                udd_getaddress
 .text.udd_get_frame_number
                0x000017fe        0xa src/ASF/xmega/drivers/usb/usb_device.o
                0x000017fe                udd_get_frame_number
 .text.udd_get_micro_frame_number
                0x00001808        0x6 src/ASF/xmega/drivers/usb/usb_device.o
                0x00001808                udd_get_micro_frame_number
 .text.udd_set_setup_payload
                0x0000180e        0xe src/ASF/xmega/drivers/usb/usb_device.o
                0x0000180e                udd_set_setup_payload
 .text.udd_ep_alloc
                0x0000181c      0x110 src/ASF/xmega/drivers/usb/usb_device.o
                0x0000181c                udd_ep_alloc
 .text.udd_ep_is_halted
                0x0000192c       0x36 src/ASF/xmega/drivers/usb/usb_device.o
                0x0000192c                udd_ep_is_halted
 .text.udd_ep_clear_halt
                0x00001962       0x6e src/ASF/xmega/drivers/usb/usb_device.o
                0x00001962                udd_ep_clear_halt
 .text.udd_ep_run
                0x000019d0      0x18e src/ASF/xmega/drivers/usb/usb_device.o
                0x000019d0                udd_ep_run
 .text.udd_ep_abort
                0x00001b5e       0x92 src/ASF/xmega/drivers/usb/usb_device.o
                0x00001b5e                udd_ep_abort
 .text.udd_ep_free
                0x00001bf0       0x38 src/ASF/xmega/drivers/usb/usb_device.o
                0x00001bf0                udd_ep_free
 .text.udd_ep_set_halt
                0x00001c28       0x3a src/ASF/xmega/drivers/usb/usb_device.o
                0x00001c28                udd_ep_set_halt
 .text.__vector_125
                0x00001c62      0x186 src/ASF/xmega/drivers/usb/usb_device.o
                0x00001c62                __vector_125
 .text.__vector_126
                0x00001de8      0x210 src/ASF/xmega/drivers/usb/usb_device.o
                0x00001de8                __vector_126
 .text.sysclk_init
                0x00001ff8       0x7e src/ASF/common/services/clock/xmega/sysclk.o
                0x00001ff8                sysclk_init
 .text.sysclk_enable_module
                0x00002076       0x2c src/ASF/common/services/clock/xmega/sysclk.o
                0x00002076                sysclk_enable_module
 .text.sysclk_enable_usb
                0x000020a2       0x8a src/ASF/common/services/clock/xmega/sysclk.o
                0x000020a2                sysclk_enable_usb
 .text.nvm_read_byte
                0x0000212c       0x14 src/ASF/xmega/drivers/nvm/nvm_asm.o
                0x0000212c                nvm_read_byte
 .text.ccp_write_io
                0x00002140        0xc src/ASF/xmega/drivers/cpu/ccp.o
                0x00002140                ccp_write_io
 .text.libgcc.div
                0x0000214c       0x28 c:/program files (x86)/atmel/studio/7.0/toolchain/avr8/avr8-gnu-toolchain/bin/../lib/gcc/avr/4.9.2/avrxmega7\libgcc.a(_udivmodhi4.o)
                0x0000214c                __udivmodhi4
 .text.libgcc   0x00002174       0x12 c:/program files (x86)/atmel/studio/7.0/toolchain/avr8/avr8-gnu-toolchain/bin/../lib/gcc/avr/4.9.2/avrxmega7\libgcc.a(_tablejump2.o)
                0x00002174                __tablejump2__
 .text.avr-libc
                0x00002186       0x12 c:/program files (x86)/atmel/studio/7.0/toolchain/avr8/avr8-gnu-toolchain/bin/../lib/gcc/avr/4.9.2/../../../../avr/lib/avrxmega7\libc.a(memcpy.o)
                0x00002186                memcpy
                0x00002198                . = ALIGN (0x2)
 *(.fini9)
 .fini9         0x00002198        0x0 c:/program files (x86)/atmel/studio/7.0/toolchain/avr8/avr8-gnu-toolchain/bin/../lib/gcc/avr/4.9.2/avrxmega7\libgcc.a(_exit.o)
                0x00002198                _exit
                0x00002198                exit
 *(.fini9)
 *(.fini8)
 *(.fini8)
 *(.fini7)
 *(.fini7)
 *(.fini6)
 *(.fini6)
 *(.fini5)
 *(.fini5)
 *(.fini4)
 *(.fini4)
 *(.fini3)
 *(.fini3)
 *(.fini2)
 *(.fini2)
 *(.fini1)
 *(.fini1)
 *(.fini0)
 .fini0         0x00002198        0x4 c:/program files (x86)/atmel/studio/7.0/toolchain/avr8/avr8-gnu-toolchain/bin/../lib/gcc/avr/4.9.2/avrxmega7\libgcc.a(_exit.o)
 *(.fini0)
                0x0000219c                _etext = .

.data           0x00802000       0xde load address 0x0000219c
                0x00802000                PROVIDE (__data_start, .)
 *(.data)
 *(.data*)
 .data.mystdout
                0x00802000        0xe main.o
                0x00802000                mystdout
 .data.udi_api_cdc_data
                0x0080200e        0xa src/ASF/common/services/usb/class/cdc/device/udi_cdc.o
                0x0080200e                udi_api_cdc_data
 .data.udi_api_cdc_comm
                0x00802018        0xa src/ASF/common/services/usb/class/cdc/device/udi_cdc.o
                0x00802018                udi_api_cdc_comm
 .data.udc_string_desc
                0x00802022       0x26 src/ASF/common/services/usb/udc/udc.o
 .data.udc_string_product_name
                0x00802048       0x13 src/ASF/common/services/usb/udc/udc.o
 .data.udc_string_manufacturer_name
                0x0080205b       0x13 src/ASF/common/services/usb/udc/udc.o
 .data.udc_string_desc_languageid
                0x0080206e        0x4 src/ASF/common/services/usb/udc/udc.o
 .data.udc_config
                0x00802072        0x6 src/ASF/common/services/usb/class/cdc/device/udi_cdc_desc.o
                0x00802072                udc_config
 .data.udc_config_fs
                0x00802078        0x4 src/ASF/common/services/usb/class/cdc/device/udi_cdc_desc.o
                0x00802078                udc_config_fs
 .data.udi_apis
                0x0080207c        0x4 src/ASF/common/services/usb/class/cdc/device/udi_cdc_desc.o
                0x0080207c                udi_apis
 .data.udc_desc_fs
                0x00802080       0x44 src/ASF/common/services/usb/class/cdc/device/udi_cdc_desc.o
                0x00802080                udc_desc_fs
 .data.udc_device_desc
                0x008020c4       0x12 src/ASF/common/services/usb/class/cdc/device/udi_cdc_desc.o
                0x008020c4                udc_device_desc
 *(.rodata)
 *(.rodata*)
 .rodata.str1.1
                0x008020d6        0x8 src/ASF/common/services/usb/udc/udc.o
 *(.gnu.linkonce.d*)
                0x008020de                . = ALIGN (0x2)
                0x008020de                _edata = .
                0x008020de                PROVIDE (__data_end, .)

.bss            0x008020de      0x27f
                0x008020de                PROVIDE (__bss_start, .)
 *(.bss)
 *(.bss*)
 .bss.sof_zlp_counter.4973
                0x008020de        0x2 src/ASF/common/services/usb/class/cdc/device/udi_cdc.o
 .bss.udi_cdc_tx_both_buf_to_send
                0x008020e0        0x1 src/ASF/common/services/usb/class/cdc/device/udi_cdc.o
 .bss.udi_cdc_tx_trans_ongoing
                0x008020e1        0x1 src/ASF/common/services/usb/class/cdc/device/udi_cdc.o
 .bss.udi_cdc_tx_sof_num
                0x008020e2        0x2 src/ASF/common/services/usb/class/cdc/device/udi_cdc.o
 .bss.udi_cdc_tx_buf_sel
                0x008020e4        0x1 src/ASF/common/services/usb/class/cdc/device/udi_cdc.o
 .bss.udi_cdc_tx_buf_nb
                0x008020e5        0x4 src/ASF/common/services/usb/class/cdc/device/udi_cdc.o
 *fill*         0x008020e9        0x1 
 .bss.udi_cdc_tx_buf
                0x008020ea       0x80 src/ASF/common/services/usb/class/cdc/device/udi_cdc.o
 .bss.udi_cdc_rx_trans_ongoing
                0x0080216a        0x1 src/ASF/common/services/usb/class/cdc/device/udi_cdc.o
 .bss.udi_cdc_rx_pos
                0x0080216b        0x2 src/ASF/common/services/usb/class/cdc/device/udi_cdc.o
 .bss.udi_cdc_rx_buf_sel
                0x0080216d        0x1 src/ASF/common/services/usb/class/cdc/device/udi_cdc.o
 .bss.udi_cdc_rx_buf_nb
                0x0080216e        0x4 src/ASF/common/services/usb/class/cdc/device/udi_cdc.o
 .bss.udi_cdc_rx_buf
                0x00802172       0x80 src/ASF/common/services/usb/class/cdc/device/udi_cdc.o
 .bss.udi_cdc_data_running
                0x008021f2        0x1 src/ASF/common/services/usb/class/cdc/device/udi_cdc.o
 .bss.udi_cdc_nb_data_enabled
                0x008021f3        0x1 src/ASF/common/services/usb/class/cdc/device/udi_cdc.o
 .bss.udi_cdc_nb_comm_enabled
                0x008021f4        0x1 src/ASF/common/services/usb/class/cdc/device/udi_cdc.o
 *fill*         0x008021f5        0x1 
 .bss.uid_cdc_state_msg
                0x008021f6        0xa src/ASF/common/services/usb/class/cdc/device/udi_cdc.o
 .bss.udi_cdc_state
                0x00802200        0x2 src/ASF/common/services/usb/class/cdc/device/udi_cdc.o
 .bss.udi_cdc_line_coding
                0x00802202        0x8 src/ASF/common/services/usb/class/cdc/device/udi_cdc.o
 .bss.udc_ep_status.4671
                0x0080220a        0x2 src/ASF/common/services/usb/udc/udc.o
 .bss.udc_ptr_iface
                0x0080220c        0x2 src/ASF/common/services/usb/udc/udc.o
 .bss.udc_ptr_conf
                0x0080220e        0x2 src/ASF/common/services/usb/udc/udc.o
 .bss.udc_num_configuration
                0x00802210        0x2 src/ASF/common/services/usb/udc/udc.o
 .bss.udc_iface_setting
                0x00802212        0x2 src/ASF/common/services/usb/udc/udc.o
 .bss.udc_device_status
                0x00802214        0x2 src/ASF/common/services/usb/udc/udc.o
 .bss.b_shortpacket.5383
                0x00802216        0x1 src/ASF/xmega/drivers/usb/usb_device.o
 .bss.udd_ep_out_cache_buffer
                0x00802217       0x80 src/ASF/xmega/drivers/usb/usb_device.o
 .bss.udd_ep_job
                0x00802297       0x24 src/ASF/xmega/drivers/usb/usb_device.o
 .bss.udd_ctrl_buffer
                0x008022bb       0x40 src/ASF/xmega/drivers/usb/usb_device.o
 .bss.udd_ctrl_payload_nb_trans
                0x008022fb        0x2 src/ASF/xmega/drivers/usb/usb_device.o
 .bss.udd_ctrl_prev_payload_nb_trans
                0x008022fd        0x2 src/ASF/xmega/drivers/usb/usb_device.o
 .bss.udd_ep_control_state
                0x008022ff        0x1 src/ASF/xmega/drivers/usb/usb_device.o
 .bss.udd_sram  0x00802300       0x40 src/ASF/xmega/drivers/usb/usb_device.o
 .bss.udd_b_idle
                0x00802340        0x1 src/ASF/xmega/drivers/usb/usb_device.o
 *(COMMON)
 COMMON         0x00802341       0x10 src/ASF/xmega/drivers/usb/usb_device.o
                0x00802341                udd_g_ctrlreq
 COMMON         0x00802351        0x6 src/ASF/common/services/sleepmgr/xmega/sleepmgr.o
                0x00802351                sleepmgr_locks
 COMMON         0x00802357        0x6 c:/program files (x86)/atmel/studio/7.0/toolchain/avr8/avr8-gnu-toolchain/bin/../lib/gcc/avr/4.9.2/../../../../avr/lib/avrxmega7\libc.a(iob.o)
                0x00802357                __iob
                0x0080235d                PROVIDE (__bss_end, .)
                0x0000219c                __data_load_start = LOADADDR (.data)
                0x0000227a                __data_load_end = (__data_load_start + SIZEOF (.data))

.noinit         0x0080235d        0x0
                [!provide]                PROVIDE (__noinit_start, .)
 *(.noinit*)
                [!provide]                PROVIDE (__noinit_end, .)
                0x0080235d                _end = .
                [!provide]                PROVIDE (__heap_start, .)

.eeprom         0x00810000        0x0
 *(.eeprom*)
                0x00810000                __eeprom_end = .

.fuse
 *(.fuse)
 *(.lfuse)
 *(.hfuse)
 *(.efuse)

.lock
 *(.lock*)

.signature
 *(.signature*)

.user_signatures
 *(.user_signatures*)

.stab
 *(.stab)

.stabstr
 *(.stabstr)

.stab.excl
 *(.stab.excl)

.stab.exclstr
 *(.stab.exclstr)

.stab.index
 *(.stab.index)

.stab.indexstr
 *(.stab.indexstr)

.comment        0x00000000       0x30
 *(.comment)
 .comment       0x00000000       0x30 main.o
                                 0x31 (size before relaxing)
 .comment       0x00000030       0x31 src/ASF/common/services/usb/class/cdc/device/udi_cdc.o
 .comment       0x00000030       0x31 src/ASF/common/services/usb/udc/udc.o
 .comment       0x00000030       0x31 src/ASF/xmega/drivers/usb/usb_device.o
 .comment       0x00000030       0x31 src/ASF/common/services/usb/class/cdc/device/udi_cdc_desc.o
 .comment       0x00000030       0x31 src/ASF/common/services/sleepmgr/xmega/sleepmgr.o
 .comment       0x00000030       0x31 src/ASF/common/services/clock/xmega/sysclk.o
 .comment       0x00000030       0x31 c:/program files (x86)/atmel/studio/7.0/toolchain/avr8/avr8-gnu-toolchain/bin/../lib/gcc/avr/4.9.2/../../../../avr/lib/avrxmega7\libc.a(iob.o)

.note.gnu.avr.deviceinfo
                0x00000000       0x40
 .note.gnu.avr.deviceinfo
                0x00000000       0x40 C:/Program Files (x86)/Atmel/Studio/7.0/Packs/atmel/XMEGAA_DFP/1.1.63/gcc/dev/atxmega128a4u/avrxmega7/crtatxmega128a4u.o

.note.gnu.build-id
 *(.note.gnu.build-id)

.debug
 *(.debug)

.line
 *(.line)

.debug_srcinfo
 *(.debug_srcinfo)

.debug_sfnames
 *(.debug_sfnames)

.debug_aranges  0x00000000      0x418
 *(.debug_aranges)
 .debug_aranges
                0x00000000       0x60 main.o
 .debug_aranges
                0x00000060      0x170 src/ASF/common/services/usb/class/cdc/device/udi_cdc.o
 .debug_aranges
                0x000001d0       0x70 src/ASF/common/services/usb/udc/udc.o
 .debug_aranges
                0x00000240      0x120 src/ASF/xmega/drivers/usb/usb_device.o
 .debug_aranges
                0x00000360       0x18 src/ASF/common/services/usb/class/cdc/device/udi_cdc_desc.o
 .debug_aranges
                0x00000378       0x18 src/ASF/common/services/sleepmgr/xmega/sleepmgr.o
 .debug_aranges
                0x00000390       0x40 src/ASF/common/services/clock/xmega/sysclk.o
 .debug_aranges
                0x000003d0       0x28 src/ASF/xmega/drivers/nvm/nvm_asm.o
 .debug_aranges
                0x000003f8       0x20 src/ASF/xmega/drivers/cpu/ccp.o

.debug_pubnames
 *(.debug_pubnames)

.debug_info     0x00000000     0x8dc3
 *(.debug_info .gnu.linkonce.wi.*)
 .debug_info    0x00000000     0x284f C:/Program Files (x86)/Atmel/Studio/7.0/Packs/atmel/XMEGAA_DFP/1.1.63/gcc/dev/atxmega128a4u/avrxmega7/crtatxmega128a4u.o
 .debug_info    0x0000284f      0x59f main.o
 .debug_info    0x00002dee     0x1a0b src/ASF/common/services/usb/class/cdc/device/udi_cdc.o
 .debug_info    0x000047f9     0x114c src/ASF/common/services/usb/udc/udc.o
 .debug_info    0x00005945     0x1df1 src/ASF/xmega/drivers/usb/usb_device.o
 .debug_info    0x00007736      0x7bd src/ASF/common/services/usb/class/cdc/device/udi_cdc_desc.o
 .debug_info    0x00007ef3      0x121 src/ASF/common/services/sleepmgr/xmega/sleepmgr.o
 .debug_info    0x00008014      0xc8f src/ASF/common/services/clock/xmega/sysclk.o
 .debug_info    0x00008ca3       0x90 src/ASF/xmega/drivers/nvm/nvm_asm.o
 .debug_info    0x00008d33       0x90 src/ASF/xmega/drivers/cpu/ccp.o

.debug_abbrev   0x00000000     0x3ab4
 *(.debug_abbrev)
 .debug_abbrev  0x00000000     0x262c C:/Program Files (x86)/Atmel/Studio/7.0/Packs/atmel/XMEGAA_DFP/1.1.63/gcc/dev/atxmega128a4u/avrxmega7/crtatxmega128a4u.o
 .debug_abbrev  0x0000262c      0x2a4 main.o
 .debug_abbrev  0x000028d0      0x3fa src/ASF/common/services/usb/class/cdc/device/udi_cdc.o
 .debug_abbrev  0x00002cca      0x3c0 src/ASF/common/services/usb/udc/udc.o
 .debug_abbrev  0x0000308a      0x5c3 src/ASF/xmega/drivers/usb/usb_device.o
 .debug_abbrev  0x0000364d       0xfe src/ASF/common/services/usb/class/cdc/device/udi_cdc_desc.o
 .debug_abbrev  0x0000374b       0x80 src/ASF/common/services/sleepmgr/xmega/sleepmgr.o
 .debug_abbrev  0x000037cb      0x2c3 src/ASF/common/services/clock/xmega/sysclk.o
 .debug_abbrev  0x00003a8e       0x12 src/ASF/xmega/drivers/nvm/nvm_asm.o
 .debug_abbrev  0x00003aa0       0x14 src/ASF/xmega/drivers/cpu/ccp.o

.debug_line     0x00000000     0x4c10
 *(.debug_line .debug_line.* .debug_line_end)
 .debug_line    0x00000000      0x3b5 C:/Program Files (x86)/Atmel/Studio/7.0/Packs/atmel/XMEGAA_DFP/1.1.63/gcc/dev/atxmega128a4u/avrxmega7/crtatxmega128a4u.o
 .debug_line    0x000003b5      0x82e main.o
 .debug_line    0x00000be3      0xf76 src/ASF/common/services/usb/class/cdc/device/udi_cdc.o
 .debug_line    0x00001b59      0xa12 src/ASF/common/services/usb/udc/udc.o
 .debug_line    0x0000256b     0x14f0 src/ASF/xmega/drivers/usb/usb_device.o
 .debug_line    0x00003a5b      0x4c7 src/ASF/common/services/usb/class/cdc/device/udi_cdc_desc.o
 .debug_line    0x00003f22      0x456 src/ASF/common/services/sleepmgr/xmega/sleepmgr.o
 .debug_line    0x00004378      0x70b src/ASF/common/services/clock/xmega/sysclk.o
 .debug_line    0x00004a83      0x11f src/ASF/xmega/drivers/nvm/nvm_asm.o
 .debug_line    0x00004ba2       0x6e src/ASF/xmega/drivers/cpu/ccp.o

.debug_frame    0x00000000      0xac0
 *(.debug_frame)
 .debug_frame   0x00000000       0xb0 main.o
 .debug_frame   0x000000b0      0x430 src/ASF/common/services/usb/class/cdc/device/udi_cdc.o
 .debug_frame   0x000004e0      0x114 src/ASF/common/services/usb/udc/udc.o
 .debug_frame   0x000005f4      0x428 src/ASF/xmega/drivers/usb/usb_device.o
 .debug_frame   0x00000a1c       0xa4 src/ASF/common/services/clock/xmega/sysclk.o

.debug_str      0x00000000    0x32917
 *(.debug_str)
 .debug_str     0x00000000     0x1aa8 C:/Program Files (x86)/Atmel/Studio/7.0/Packs/atmel/XMEGAA_DFP/1.1.63/gcc/dev/atxmega128a4u/avrxmega7/crtatxmega128a4u.o
 .debug_str     0x00001aa8    0x2b112 main.o
                              0x2b7dd (size before relaxing)
 .debug_str     0x0002cbba      0xfbb src/ASF/common/services/usb/class/cdc/device/udi_cdc.o
                              0x2a8cf (size before relaxing)
 .debug_str     0x0002db75      0xb3a src/ASF/common/services/usb/udc/udc.o
                              0x29051 (size before relaxing)
 .debug_str     0x0002e6af     0x3be7 src/ASF/xmega/drivers/usb/usb_device.o
                              0x2db6b (size before relaxing)
 .debug_str     0x00032296      0x231 src/ASF/common/services/usb/class/cdc/device/udi_cdc_desc.o
                              0x29ec0 (size before relaxing)
 .debug_str     0x000324c7       0x35 src/ASF/common/services/sleepmgr/xmega/sleepmgr.o
                              0x2608a (size before relaxing)
 .debug_str     0x000324fc      0x41b src/ASF/common/services/clock/xmega/sysclk.o
                              0x27a2c (size before relaxing)

.debug_loc      0x00000000     0x2db9
 *(.debug_loc)
 .debug_loc     0x00000000       0xd4 main.o
 .debug_loc     0x000000d4     0x124c src/ASF/common/services/usb/class/cdc/device/udi_cdc.o
 .debug_loc     0x00001320      0x4eb src/ASF/common/services/usb/udc/udc.o
 .debug_loc     0x0000180b     0x1289 src/ASF/xmega/drivers/usb/usb_device.o
 .debug_loc     0x00002a94      0x325 src/ASF/common/services/clock/xmega/sysclk.o

.debug_macinfo
 *(.debug_macinfo)

.debug_weaknames
 *(.debug_weaknames)

.debug_funcnames
 *(.debug_funcnames)

.debug_typenames
 *(.debug_typenames)

.debug_varnames
 *(.debug_varnames)

.debug_pubtypes
 *(.debug_pubtypes)

.debug_ranges   0x00000000      0x3f0
 *(.debug_ranges)
 .debug_ranges  0x00000000       0x50 main.o
 .debug_ranges  0x00000050      0x160 src/ASF/common/services/usb/class/cdc/device/udi_cdc.o
 .debug_ranges  0x000001b0       0xb0 src/ASF/common/services/usb/udc/udc.o
 .debug_ranges  0x00000260      0x140 src/ASF/xmega/drivers/usb/usb_device.o
 .debug_ranges  0x000003a0       0x30 src/ASF/common/services/clock/xmega/sysclk.o
 .debug_ranges  0x000003d0       0x20 src/ASF/xmega/drivers/nvm/nvm_asm.o

.debug_macro    0x00000000     0xa73e
 *(.debug_macro)
 .debug_macro   0x00000000      0x2f7 main.o
 .debug_macro   0x000002f7      0xa90 main.o
 .debug_macro   0x00000d87       0x10 main.o
 .debug_macro   0x00000d97      0x1c9 main.o
 .debug_macro   0x00000f60      0x2fc main.o
 .debug_macro   0x0000125c       0x9e main.o
 .debug_macro   0x000012fa     0x5964 main.o
 .debug_macro   0x00006c5e       0x9a main.o
 .debug_macro   0x00006cf8       0xf1 main.o
 .debug_macro   0x00006de9       0x34 main.o
 .debug_macro   0x00006e1d       0x10 main.o
 .debug_macro   0x00006e2d       0x18 main.o
 .debug_macro   0x00006e45       0x5e main.o
 .debug_macro   0x00006ea3       0x10 main.o
 .debug_macro   0x00006eb3       0x22 main.o
 .debug_macro   0x00006ed5      0x166 main.o
 .debug_macro   0x0000703b       0x1c main.o
 .debug_macro   0x00007057       0x35 main.o
 .debug_macro   0x0000708c       0x66 main.o
 .debug_macro   0x000070f2      0x652 main.o
 .debug_macro   0x00007744       0x97 main.o
 .debug_macro   0x000077db       0x17 main.o
 .debug_macro   0x000077f2      0x250 main.o
 .debug_macro   0x00007a42       0x76 main.o
 .debug_macro   0x00007ab8       0x16 main.o
 .debug_macro   0x00007ace      0x6e3 main.o
 .debug_macro   0x000081b1       0x10 main.o
 .debug_macro   0x000081c1      0x175 main.o
 .debug_macro   0x00008336       0x40 main.o
 .debug_macro   0x00008376       0x69 main.o
 .debug_macro   0x000083df       0x32 main.o
 .debug_macro   0x00008411       0xe4 main.o
 .debug_macro   0x000084f5       0x34 main.o
 .debug_macro   0x00008529      0x2bf main.o
 .debug_macro   0x000087e8       0x26 main.o
 .debug_macro   0x0000880e       0x42 main.o
 .debug_macro   0x00008850       0x10 main.o
 .debug_macro   0x00008860       0x40 main.o
 .debug_macro   0x000088a0       0x68 main.o
 .debug_macro   0x00008908       0x2f main.o
 .debug_macro   0x00008937      0x154 main.o
 .debug_macro   0x00008a8b      0x228 main.o
 .debug_macro   0x00008cb3       0xb5 main.o
 .debug_macro   0x00008d68       0xf0 main.o
 .debug_macro   0x00008e58      0x24b main.o
 .debug_macro   0x000090a3      0x162 main.o
 .debug_macro   0x00009205       0x16 main.o
 .debug_macro   0x0000921b       0x1c main.o
 .debug_macro   0x00009237      0x192 main.o
 .debug_macro   0x000093c9       0x58 main.o
 .debug_macro   0x00009421       0x10 main.o
 .debug_macro   0x00009431       0xf2 main.o
 .debug_macro   0x00009523      0x299 src/ASF/common/services/usb/class/cdc/device/udi_cdc.o
 .debug_macro   0x000097bc       0xaf src/ASF/common/services/usb/class/cdc/device/udi_cdc.o
 .debug_macro   0x0000986b       0x16 src/ASF/common/services/usb/class/cdc/device/udi_cdc.o
 .debug_macro   0x00009881      0x1f6 src/ASF/common/services/usb/udc/udc.o
 .debug_macro   0x00009a77      0x2ca src/ASF/xmega/drivers/usb/usb_device.o
 .debug_macro   0x00009d41      0x46a src/ASF/xmega/drivers/usb/usb_device.o
 .debug_macro   0x0000a1ab      0x20a src/ASF/common/services/usb/class/cdc/device/udi_cdc_desc.o
 .debug_macro   0x0000a3b5      0x1a3 src/ASF/common/services/sleepmgr/xmega/sleepmgr.o
 .debug_macro   0x0000a558      0x1e6 src/ASF/common/services/clock/xmega/sysclk.o
OUTPUT(xmega128a4u_USB_Serial.elf elf32-avr)
LOAD linker stubs

.BOOT           0x00020000        0x0
